Archive member included to satisfy reference by file (symbol)

C:/CLionToolchains/gcc-arm-none-eabi-10.3-2021.10/bin/../lib/gcc/arm-none-eabi/13.3.1/thumb/v7e-m+fp/hard\libgcc.a(_arm_addsubdf3.o)
                              CMakeFiles/bubing_RM2025.elf.dir/code_mf/Src/MahonyAHRS.c.obj (__aeabi_f2d)
C:/CLionToolchains/gcc-arm-none-eabi-10.3-2021.10/bin/../lib/gcc/arm-none-eabi/13.3.1/thumb/v7e-m+fp/hard\libgcc.a(_arm_truncdfsf2.o)
                              CMakeFiles/bubing_RM2025.elf.dir/code_mf/Src/MahonyAHRS.c.obj (__aeabi_d2f)
C:/CLionToolchains/gcc-arm-none-eabi-10.3-2021.10/bin/../lib/gcc/arm-none-eabi/13.3.1/thumb/v7e-m+fp/hard\libgcc.a(_aeabi_uldivmod.o)
                              CMakeFiles/bubing_RM2025.elf.dir/Drivers/STM32F4xx_HAL_Driver/Src/stm32f4xx_hal_rcc.c.obj (__aeabi_uldivmod)
C:/CLionToolchains/gcc-arm-none-eabi-10.3-2021.10/bin/../lib/gcc/arm-none-eabi/13.3.1/thumb/v7e-m+fp/hard\libgcc.a(_udivmoddi4.o)
                              C:/CLionToolchains/gcc-arm-none-eabi-10.3-2021.10/bin/../lib/gcc/arm-none-eabi/13.3.1/thumb/v7e-m+fp/hard\libgcc.a(_aeabi_uldivmod.o) (__udivmoddi4)
C:/CLionToolchains/gcc-arm-none-eabi-10.3-2021.10/bin/../lib/gcc/arm-none-eabi/13.3.1/thumb/v7e-m+fp/hard\libgcc.a(_dvmd_tls.o)
                              C:/CLionToolchains/gcc-arm-none-eabi-10.3-2021.10/bin/../lib/gcc/arm-none-eabi/13.3.1/thumb/v7e-m+fp/hard\libgcc.a(_aeabi_uldivmod.o) (__aeabi_ldiv0)
C:/CLionToolchains/gcc-arm-none-eabi-10.3-2021.10/bin/../lib/gcc/arm-none-eabi/13.3.1/thumb/v7e-m+fp/hard\libg.a(libc_a-exit.o)
                              C:/CLionToolchains/gcc-arm-none-eabi-10.3-2021.10/bin/../lib/gcc/arm-none-eabi/13.3.1/thumb/v7e-m+fp/hard/crt0.o (exit)
C:/CLionToolchains/gcc-arm-none-eabi-10.3-2021.10/bin/../lib/gcc/arm-none-eabi/13.3.1/thumb/v7e-m+fp/hard\libg.a(libc_a-findfp.o)
                              CMakeFiles/bubing_RM2025.elf.dir/Middlewares/Third_Party/FreeRTOS/Source/tasks.c.obj (__sf)
C:/CLionToolchains/gcc-arm-none-eabi-10.3-2021.10/bin/../lib/gcc/arm-none-eabi/13.3.1/thumb/v7e-m+fp/hard\libg.a(libc_a-fwalk.o)
                              C:/CLionToolchains/gcc-arm-none-eabi-10.3-2021.10/bin/../lib/gcc/arm-none-eabi/13.3.1/thumb/v7e-m+fp/hard\libg.a(libc_a-findfp.o) (_fwalk_sglue)
C:/CLionToolchains/gcc-arm-none-eabi-10.3-2021.10/bin/../lib/gcc/arm-none-eabi/13.3.1/thumb/v7e-m+fp/hard\libg.a(libc_a-stdio.o)
                              C:/CLionToolchains/gcc-arm-none-eabi-10.3-2021.10/bin/../lib/gcc/arm-none-eabi/13.3.1/thumb/v7e-m+fp/hard\libg.a(libc_a-findfp.o) (__sread)
C:/CLionToolchains/gcc-arm-none-eabi-10.3-2021.10/bin/../lib/gcc/arm-none-eabi/13.3.1/thumb/v7e-m+fp/hard\libg.a(libc_a-vsprintf.o)
                              CMakeFiles/bubing_RM2025.elf.dir/code_mf/Src/uart_printf.c.obj (vsprintf)
C:/CLionToolchains/gcc-arm-none-eabi-10.3-2021.10/bin/../lib/gcc/arm-none-eabi/13.3.1/thumb/v7e-m+fp/hard\libg.a(libc_a-memset.o)
                              C:/CLionToolchains/gcc-arm-none-eabi-10.3-2021.10/bin/../lib/gcc/arm-none-eabi/13.3.1/thumb/v7e-m+fp/hard/crt0.o (memset)
C:/CLionToolchains/gcc-arm-none-eabi-10.3-2021.10/bin/../lib/gcc/arm-none-eabi/13.3.1/thumb/v7e-m+fp/hard\libg.a(libc_a-closer.o)
                              C:/CLionToolchains/gcc-arm-none-eabi-10.3-2021.10/bin/../lib/gcc/arm-none-eabi/13.3.1/thumb/v7e-m+fp/hard\libg.a(libc_a-stdio.o) (_close_r)
C:/CLionToolchains/gcc-arm-none-eabi-10.3-2021.10/bin/../lib/gcc/arm-none-eabi/13.3.1/thumb/v7e-m+fp/hard\libg.a(libc_a-reent.o)
                              CMakeFiles/bubing_RM2025.elf.dir/Middlewares/Third_Party/FreeRTOS/Source/tasks.c.obj (_reclaim_reent)
C:/CLionToolchains/gcc-arm-none-eabi-10.3-2021.10/bin/../lib/gcc/arm-none-eabi/13.3.1/thumb/v7e-m+fp/hard\libg.a(libc_a-impure.o)
                              CMakeFiles/bubing_RM2025.elf.dir/Middlewares/Third_Party/FreeRTOS/Source/tasks.c.obj (_impure_ptr)
C:/CLionToolchains/gcc-arm-none-eabi-10.3-2021.10/bin/../lib/gcc/arm-none-eabi/13.3.1/thumb/v7e-m+fp/hard\libg.a(libc_a-lseekr.o)
                              C:/CLionToolchains/gcc-arm-none-eabi-10.3-2021.10/bin/../lib/gcc/arm-none-eabi/13.3.1/thumb/v7e-m+fp/hard\libg.a(libc_a-stdio.o) (_lseek_r)
C:/CLionToolchains/gcc-arm-none-eabi-10.3-2021.10/bin/../lib/gcc/arm-none-eabi/13.3.1/thumb/v7e-m+fp/hard\libg.a(libc_a-readr.o)
                              C:/CLionToolchains/gcc-arm-none-eabi-10.3-2021.10/bin/../lib/gcc/arm-none-eabi/13.3.1/thumb/v7e-m+fp/hard\libg.a(libc_a-stdio.o) (_read_r)
C:/CLionToolchains/gcc-arm-none-eabi-10.3-2021.10/bin/../lib/gcc/arm-none-eabi/13.3.1/thumb/v7e-m+fp/hard\libg.a(libc_a-writer.o)
                              C:/CLionToolchains/gcc-arm-none-eabi-10.3-2021.10/bin/../lib/gcc/arm-none-eabi/13.3.1/thumb/v7e-m+fp/hard\libg.a(libc_a-stdio.o) (_write_r)
C:/CLionToolchains/gcc-arm-none-eabi-10.3-2021.10/bin/../lib/gcc/arm-none-eabi/13.3.1/thumb/v7e-m+fp/hard\libg.a(libc_a-errno.o)
[...]
Memory Configuration

Name             Origin             Length             Attributes
CCMRAM           0x10000000         0x00010000         xrw
RAM              0x20000000         0x00020000         xrw
FLASH            0x08000000         0x00100000         xr
*default*        0x00000000         0xffffffff

Linker script and memory map

LOAD C:/CLionToolchains/gcc-arm-none-eabi-10.3-2021.10/bin/../lib/gcc/arm-none-eabi/13.3.1/thumb/v7e-m+fp/hard/crti.o
LOAD C:/CLionToolchains/gcc-arm-none-eabi-10.3-2021.10/bin/../lib/gcc/arm-none-eabi/13.3.1/thumb/v7e-m+fp/hard/crtbegin.o
LOAD C:/CLionToolchains/gcc-arm-none-eabi-10.3-2021.10/bin/../lib/gcc/arm-none-eabi/13.3.1/thumb/v7e-m+fp/hard/crt0.o
LOAD CMakeFiles/bubing_RM2025.elf.dir/Core/Src/can.c.obj
LOAD CMakeFiles/bubing_RM2025.elf.dir/Core/Src/dma.c.obj
LOAD CMakeFiles/bubing_RM2025.elf.dir/Core/Src/freertos.c.obj
LOAD CMakeFiles/bubing_RM2025.elf.dir/Core/Src/gpio.c.obj
LOAD CMakeFiles/bubing_RM2025.elf.dir/Core/Src/main.c.obj
LOAD CMakeFiles/bubing_RM2025.elf.dir/Core/Src/spi.c.obj
LOAD CMakeFiles/bubing_RM2025.elf.dir/Core/Src/stm32f4xx_hal_msp.c.obj
LOAD CMakeFiles/bubing_RM2025.elf.dir/Core/Src/stm32f4xx_hal_timebase_tim.c.obj
LOAD CMakeFiles/bubing_RM2025.elf.dir/Core/Src/stm32f4xx_it.c.obj
LOAD CMakeFiles/bubing_RM2025.elf.dir/Core/Src/syscalls.c.obj
LOAD CMakeFiles/bubing_RM2025.elf.dir/Core/Src/sysmem.c.obj
LOAD CMakeFiles/bubing_RM2025.elf.dir/Core/Src/system_stm32f4xx.c.obj
LOAD CMakeFiles/bubing_RM2025.elf.dir/Core/Src/tim.c.obj
LOAD CMakeFiles/bubing_RM2025.elf.dir/Core/Src/usart.c.obj
LOAD CMakeFiles/bubing_RM2025.elf.dir/Core/Startup/startup_stm32f407ighx.s.obj
LOAD CMakeFiles/bubing_RM2025.elf.dir/Drivers/STM32F4xx_HAL_Driver/Src/stm32f4xx_hal.c.obj
LOAD CMakeFiles/bubing_RM2025.elf.dir/Drivers/STM32F4xx_HAL_Driver/Src/stm32f4xx_hal_can.c.obj
LOAD CMakeFiles/bubing_RM2025.elf.dir/Drivers/STM32F4xx_HAL_Driver/Src/stm32f4xx_hal_cortex.c.obj
LOAD CMakeFiles/bubing_RM2025.elf.dir/Drivers/STM32F4xx_HAL_Driver/Src/stm32f4xx_hal_dma.c.obj
LOAD CMakeFiles/bubing_RM2025.elf.dir/Drivers/STM32F4xx_HAL_Driver/Src/stm32f4xx_hal_dma_ex.c.obj
LOAD CMakeFiles/bubing_RM2025.elf.dir/Drivers/STM32F4xx_HAL_Driver/Src/stm32f4xx_hal_exti.c.obj
LOAD CMakeFiles/bubing_RM2025.elf.dir/Drivers/STM32F4xx_HAL_Driver/Src/stm32f4xx_hal_flash.c.obj
LOAD CMakeFiles/bubing_RM2025.elf.dir/Drivers/STM32F4xx_HAL_Driver/Src/stm32f4xx_hal_flash_ex.c.obj
LOAD CMakeFiles/bubing_RM2025.elf.dir/Drivers/STM32F4xx_HAL_Driver/Src/stm32f4xx_hal_flash_ramfunc.c.obj
LOAD CMakeFiles/bubing_RM2025.elf.dir/Drivers/STM32F4xx_HAL_Driver/Src/stm32f4xx_hal_gpio.c.obj
LOAD CMakeFiles/bubing_RM2025.elf.dir/Drivers/STM32F4xx_HAL_Driver/Src/stm32f4xx_hal_pwr.c.obj
LOAD CMakeFiles/bubing_RM2025.elf.dir/Drivers/STM32F4xx_HAL_Driver/Src/stm32f4xx_hal_pwr_ex.c.obj
LOAD CMakeFiles/bubing_RM2025.elf.dir/Drivers/STM32F4xx_HAL_Driver/Src/stm32f4xx_hal_rcc.c.obj
LOAD CMakeFiles/bubing_RM2025.elf.dir/Drivers/STM32F4xx_HAL_Driver/Src/stm32f4xx_hal_rcc_ex.c.obj
LOAD CMakeFiles/bubing_RM2025.elf.dir/Drivers/STM32F4xx_HAL_Driver/Src/stm32f4xx_hal_spi.c.obj
LOAD CMakeFiles/bubing_RM2025.elf.dir/Drivers/STM32F4xx_HAL_Driver/Src/stm32f4xx_hal_tim.c.obj
LOAD CMakeFiles/bubing_RM2025.elf.dir/Drivers/STM32F4xx_HAL_Driver/Src/stm32f4xx_hal_tim_ex.c.obj
LOAD CMakeFiles/bubing_RM2025.elf.dir/Drivers/STM32F4xx_HAL_Driver/Src/stm32f4xx_hal_uart.c.obj
LOAD CMakeFiles/bubing_RM2025.elf.dir/Middlewares/Third_Party/FreeRTOS/Source/CMSIS_RTOS/cmsis_os.c.obj
LOAD CMakeFiles/bubing_RM2025.elf.dir/Middlewares/Third_Party/FreeRTOS/Source/croutine.c.obj
LOAD CMakeFiles/bubing_RM2025.elf.dir/Middlewares/Third_Party/FreeRTOS/Source/event_groups.c.obj
LOAD CMakeFiles/bubing_RM2025.elf.dir/Middlewares/Third_Party/FreeRTOS/Source/list.c.obj
LOAD CMakeFiles/bubing_RM2025.elf.dir/Middlewares/Third_Party/FreeRTOS/Source/portable/GCC/ARM_CM4F/port.c.obj
LOAD CMakeFiles/bubing_RM2025.elf.dir/Middlewares/Third_Party/FreeRTOS/Source/portable/MemMang/heap_4.c.obj
LOAD CMakeFiles/bubing_RM2025.elf.dir/Middlewares/Third_Party/FreeRTOS/Source/queue.c.obj
LOAD CMakeFiles/bubing_RM2025.elf.dir/Middlewares/Third_Party/FreeRTOS/Source/stream_buffer.c.obj
LOAD CMakeFiles/bubing_RM2025.elf.dir/Middlewares/Third_Party/FreeRTOS/Source/tasks.c.obj
LOAD CMakeFiles/bubing_RM2025.elf.dir/Middlewares/Third_Party/FreeRTOS/Source/timers.c.obj
LOAD CMakeFiles/bubing_RM2025.elf.dir/code_mf/Src/BMI088Middleware.c.obj
LOAD CMakeFiles/bubing_RM2025.elf.dir/code_mf/Src/BMI088driver.c.obj
LOAD CMakeFiles/bubing_RM2025.elf.dir/code_mf/Src/CAN_receive.c.obj
LOAD CMakeFiles/bubing_RM2025.elf.dir/code_mf/Src/IMU_DATA_GET.c.obj
LOAD CMakeFiles/bubing_RM2025.elf.dir/code_mf/Src/MahonyAHRS.c.obj
LOAD CMakeFiles/bubing_RM2025.elf.dir/code_mf/Src/auto_aim.c.obj
LOAD CMakeFiles/bubing_RM2025.elf.dir/code_mf/Src/board_LED.c.obj
LOAD CMakeFiles/bubing_RM2025.elf.dir/code_mf/Src/bsp_can.c.obj
LOAD CMakeFiles/bubing_RM2025.elf.dir/code_mf/Src/bsp_rc.c.obj
LOAD CMakeFiles/bubing_RM2025.elf.dir/code_mf/Src/can_sent.c.obj
LOAD CMakeFiles/bubing_RM2025.elf.dir/code_mf/Src/chassis_motor_control.c.obj
LOAD CMakeFiles/bubing_RM2025.elf.dir/code_mf/Src/error_detection.c.obj
LOAD CMakeFiles/bubing_RM2025.elf.dir/code_mf/Src/get_rc.c.obj
LOAD CMakeFiles/bubing_RM2025.elf.dir/code_mf/Src/gimbal_motor_control.c.obj
LOAD CMakeFiles/bubing_RM2025.elf.dir/code_mf/Src/jy61p.c.obj
LOAD CMakeFiles/bubing_RM2025.elf.dir/code_mf/Src/odometer.c.obj
LOAD CMakeFiles/bubing_RM2025.elf.dir/code_mf/Src/pid.c.obj
LOAD CMakeFiles/bubing_RM2025.elf.dir/code_mf/Src/refree_task.c.obj
LOAD CMakeFiles/bubing_RM2025.elf.dir/code_mf/Src/remote_control.c.obj
LOAD CMakeFiles/bubing_RM2025.elf.dir/code_mf/Src/servo_task.c.obj
LOAD CMakeFiles/bubing_RM2025.elf.dir/code_mf/Src/shoot_control.c.obj
LOAD CMakeFiles/bubing_RM2025.elf.dir/code_mf/Src/uart_callback.c.obj
LOAD CMakeFiles/bubing_RM2025.elf.dir/code_mf/Src/uart_printf.c.obj
LOAD CMakeFiles/bubing_RM2025.elf.dir/code_mf/Src/uart_sent.c.obj
START GROUP
LOAD C:/CLionToolchains/gcc-arm-none-eabi-10.3-2021.10/bin/../lib/gcc/arm-none-eabi/13.3.1/thumb/v7e-m+fp/hard\libgcc.a
LOAD C:/CLionToolchains/gcc-arm-none-eabi-10.3-2021.10/bin/../lib/gcc/arm-none-eabi/13.3.1/thumb/v7e-m+fp/hard\libg.a
LOAD C:/CLionToolchains/gcc-arm-none-eabi-10.3-2021.10/bin/../lib/gcc/arm-none-eabi/13.3.1/thumb/v7e-m+fp/hard\libc.a
END GROUP
LOAD C:/CLionToolchains/gcc-arm-none-eabi-10.3-2021.10/bin/../lib/gcc/arm-none-eabi/13.3.1/thumb/v7e-m+fp/hard/crtend.o
LOAD C:/CLionToolchains/gcc-arm-none-eabi-10.3-2021.10/bin/../lib/gcc/arm-none-eabi/13.3.1/thumb/v7e-m+fp/hard/crtn.o
                0x20020000                        _estack = (ORIGIN (RAM) + LENGTH (RAM))
                0x00000200                        _Min_Heap_Size = 0x200
                0x00000400                        _Min_Stack_Size = 0x400

.isr_vector     0x08000000      0x188
                0x08000000                        . = ALIGN (0x4)
 *(.isr_vector)
 .isr_vector    0x08000000      0x188 CMakeFiles/bubing_RM2025.elf.dir/Core/Startup/startup_stm32f407ighx.s.obj
                0x08000000                g_pfnVectors
                0x08000188                        . = ALIGN (0x4)

.text           0x080001c0    0x10218
                0x080001c0                        . = ALIGN (0x4)
 *(.text)
 .text          0x080001c0      0x378 C:/CLionToolchains/gcc-arm-none-eabi-10.3-2021.10/bin/../lib/gcc/arm-none-eabi/13.3.1/thumb/v7e-m+fp/hard\libgcc.a(_arm_addsubdf3.o)
                0x080001c0                __aeabi_drsub
                0x080001c8                __aeabi_dsub
                0x080001c8                __subdf3
                0x080001cc                __aeabi_dadd
                0x080001cc                __adddf3
                0x08000444                __floatunsidf
                0x08000444                __aeabi_ui2d
                0x08000464                __floatsidf
                0x08000464                __aeabi_i2d
                0x08000488                __aeabi_f2d
                0x08000488                __extendsfdf2
                0x080004cc                __floatundidf
                0x080004cc                __aeabi_ul2d
                0x080004dc                __floatdidf
                0x080004dc                __aeabi_l2d
 .text          0x08000538       0xa0 C:/CLionToolchains/gcc-arm-none-eabi-10.3-2021.10/bin/../lib/gcc/arm-none-eabi/13.3.1/thumb/v7e-m+fp/hard\libgcc.a(_arm_truncdfsf2.o)
                0x08000538                __truncdfsf2
                0x08000538                __aeabi_d2f
 .text          0x080005d8       0x30 C:/CLionToolchains/gcc-arm-none-eabi-10.3-2021.10/bin/../lib/gcc/arm-none-eabi/13.3.1/thumb/v7e-m+fp/hard\libgcc.a(_aeabi_uldivmod.o)
                0x080005d8                __aeabi_uldivmod
 .text          0x08000608        0x4 C:/CLionToolchains/gcc-arm-none-eabi-10.3-2021.10/bin/../lib/gcc/arm-none-eabi/13.3.1/thumb/v7e-m+fp/hard\libgcc.a(_dvmd_tls.o)
                0x08000608                __aeabi_idiv0
                0x08000608                __aeabi_ldiv0
 .text          0x0800060c      0x134 C:/CLionToolchains/gcc-arm-none-eabi-10.3-2021.10/bin/../lib/gcc/arm-none-eabi/13.3.1/thumb/v7e-m+fp/hard\libg.a(libc_a-memcpy.o)
                0x0800060c                memcpy
 .text          0x08000740       0xa0 C:/CLionToolchains/gcc-arm-none-eabi-10.3-2021.10/bin/../lib/gcc/arm-none-eabi/13.3.1/thumb/v7e-m+fp/hard\libg.a(libc_a-memchr.o)
                0x08000740                memchr
 *fill*         0x080007e0       0x20 
 .text          0x08000800       0xd8 C:/CLionToolchains/gcc-arm-none-eabi-10.3-2021.10/bin/../lib/gcc/arm-none-eabi/13.3.1/thumb/v7e-m+fp/hard\libg.a(libc_a-strlen.o)
                0x08000800                strlen
 .text          0x080008d8      0x424 C:/CLionToolchains/gcc-arm-none-eabi-10.3-2021.10/bin/../lib/gcc/arm-none-eabi/13.3.1/thumb/v7e-m+fp/hard\libgcc.a(_arm_muldivdf3.o)
                0x080008d8                __aeabi_dmul
                0x080008d8                __muldf3
                0x08000b2c                __divdf3
                0x08000b2c                __aeabi_ddiv
 .text          0x08000cfc      0x110 C:/CLionToolchains/gcc-arm-none-eabi-10.3-2021.10/bin/../lib/gcc/arm-none-eabi/13.3.1/thumb/v7e-m+fp/hard\libgcc.a(_arm_cmpdf2.o)
                0x08000cfc                __gtdf2
                0x08000cfc                __gedf2
                0x08000d04                __ltdf2
                0x08000d04                __ledf2
                0x08000d0c                __nedf2
                0x08000d0c                __eqdf2
                0x08000d0c                __cmpdf2
                0x08000d88                __aeabi_cdrcmple
                0x08000d98                __aeabi_cdcmpeq
                0x08000d98                __aeabi_cdcmple
                0x08000da8                __aeabi_dcmpeq
                0x08000dbc                __aeabi_dcmplt
                0x08000dd0                __aeabi_dcmple
                0x08000de4                __aeabi_dcmpge
                0x08000df8                __aeabi_dcmpgt
 .text          0x08000e0c       0x2c C:/CLionToolchains/gcc-arm-none-eabi-10.3-2021.10/bin/../lib/gcc/arm-none-eabi/13.3.1/thumb/v7e-m+fp/hard\libgcc.a(_arm_unorddf2.o)
                0x08000e0c                __unorddf2
                0x08000e0c                __aeabi_dcmpun
 .text          0x08000e38       0x50 C:/CLionToolchains/gcc-arm-none-eabi-10.3-2021.10/bin/../lib/gcc/arm-none-eabi/13.3.1/thumb/v7e-m+fp/hard\libgcc.a(_arm_fixdfsi.o)
                0x08000e38                __aeabi_d2iz
                0x08000e38                __fixdfsi
 *(.text*)
 .text.deregister_tm_clones
                0x08000e88       0x1c C:/CLionToolchains/gcc-arm-none-eabi-10.3-2021.10/bin/../lib/gcc/arm-none-eabi/13.3.1/thumb/v7e-m+fp/hard/crtbegin.o
 .text.register_tm_clones
                0x08000ea4       0x24 C:/CLionToolchains/gcc-arm-none-eabi-10.3-2021.10/bin/../lib/gcc/arm-none-eabi/13.3.1/thumb/v7e-m+fp/hard/crtbegin.o
 .text.__do_global_dtors_aux
                0x08000ec8       0x28 C:/CLionToolchains/gcc-arm-none-eabi-10.3-2021.10/bin/../lib/gcc/arm-none-eabi/13.3.1/thumb/v7e-m+fp/hard/crtbegin.o
 .text.frame_dummy
                0x08000ef0       0x24 C:/CLionToolchains/gcc-arm-none-eabi-10.3-2021.10/bin/../lib/gcc/arm-none-eabi/13.3.1/thumb/v7e-m+fp/hard/crtbegin.o
 .text.MX_CAN1_Init
                0x08000f14       0x40 CMakeFiles/bubing_RM2025.elf.dir/Core/Src/can.c.obj
                0x08000f14                MX_CAN1_Init
 .text.MX_CAN2_Init
                0x08000f54       0x40 CMakeFiles/bubing_RM2025.elf.dir/Core/Src/can.c.obj
                0x08000f54                MX_CAN2_Init
 .text.HAL_CAN_MspInit
                0x08000f94      0x120 CMakeFiles/bubing_RM2025.elf.dir/Core/Src/can.c.obj
                0x08000f94                HAL_CAN_MspInit
 .text.MX_DMA_Init
                0x080010b4       0x88 CMakeFiles/bubing_RM2025.elf.dir/Core/Src/dma.c.obj
                0x080010b4                MX_DMA_Init
 .text.StartDefaultTask
                0x0800113c        0xa CMakeFiles/bubing_RM2025.elf.dir/Core/Src/freertos.c.obj
                0x0800113c                StartDefaultTask
 *fill*         0x08001146        0x2 
 .text.vApplicationGetIdleTaskMemory
                0x08001148       0x18 CMakeFiles/bubing_RM2025.elf.dir/Core/Src/freertos.c.obj
                0x08001148                vApplicationGetIdleTaskMemory
 .text.MX_FREERTOS_Init
                0x08001160      0x214 CMakeFiles/bubing_RM2025.elf.dir/Core/Src/freertos.c.obj
                0x08001160                MX_FREERTOS_Init
 .text.MX_GPIO_Init
                0x08001374      0x144 CMakeFiles/bubing_RM2025.elf.dir/Core/Src/gpio.c.obj
                0x08001374                MX_GPIO_Init
 .text.HAL_TIM_PeriodElapsedCallback
                0x080014b8       0x18 CMakeFiles/bubing_RM2025.elf.dir/Core/Src/main.c.obj
                0x080014b8                HAL_TIM_PeriodElapsedCallback
 .text.Error_Handler
                0x080014d0        0x4 CMakeFiles/bubing_RM2025.elf.dir/Core/Src/main.c.obj
                0x080014d0                Error_Handler
 .text.SystemClock_Config
                0x080014d4       0xa8 CMakeFiles/bubing_RM2025.elf.dir/Core/Src/main.c.obj
                0x080014d4                SystemClock_Config
 .text.main     0x0800157c       0xec CMakeFiles/bubing_RM2025.elf.dir/Core/Src/main.c.obj
                0x0800157c                main
 .text.MX_SPI1_Init
                0x08001668       0x48 CMakeFiles/bubing_RM2025.elf.dir/Core/Src/spi.c.obj
                0x08001668                MX_SPI1_Init
 .text.HAL_SPI_MspInit
                0x080016b0       0x98 CMakeFiles/bubing_RM2025.elf.dir/Core/Src/spi.c.obj
                0x080016b0                HAL_SPI_MspInit
 .text.HAL_MspInit
                0x08001748       0x44 CMakeFiles/bubing_RM2025.elf.dir/Core/Src/stm32f4xx_hal_msp.c.obj
                0x08001748                HAL_MspInit
 .text.HAL_InitTick
                0x0800178c       0xa4 CMakeFiles/bubing_RM2025.elf.dir/Core/Src/stm32f4xx_hal_timebase_tim.c.obj
                0x0800178c                HAL_InitTick
 .text.NMI_Handler
                0x08001830        0x2 CMakeFiles/bubing_RM2025.elf.dir/Core/Src/stm32f4xx_it.c.obj
                0x08001830                NMI_Handler
 .text.HardFault_Handler
                0x08001832        0x2 CMakeFiles/bubing_RM2025.elf.dir/Core/Src/stm32f4xx_it.c.obj
                0x08001832                HardFault_Handler
 .text.MemManage_Handler
                0x08001834        0x2 CMakeFiles/bubing_RM2025.elf.dir/Core/Src/stm32f4xx_it.c.obj
                0x08001834                MemManage_Handler
 .text.BusFault_Handler
                0x08001836        0x2 CMakeFiles/bubing_RM2025.elf.dir/Core/Src/stm32f4xx_it.c.obj
                0x08001836                BusFault_Handler
 .text.UsageFault_Handler
                0x08001838        0x2 CMakeFiles/bubing_RM2025.elf.dir/Core/Src/stm32f4xx_it.c.obj
                0x08001838                UsageFault_Handler
 .text.DebugMon_Handler
                0x0800183a        0x2 CMakeFiles/bubing_RM2025.elf.dir/Core/Src/stm32f4xx_it.c.obj
                0x0800183a                DebugMon_Handler
 .text.DMA1_Stream1_IRQHandler
                0x0800183c       0x10 CMakeFiles/bubing_RM2025.elf.dir/Core/Src/stm32f4xx_it.c.obj
                0x0800183c                DMA1_Stream1_IRQHandler
 .text.CAN1_RX0_IRQHandler
                0x0800184c       0x10 CMakeFiles/bubing_RM2025.elf.dir/Core/Src/stm32f4xx_it.c.obj
                0x0800184c                CAN1_RX0_IRQHandler
 .text.USART1_IRQHandler
                0x0800185c       0x10 CMakeFiles/bubing_RM2025.elf.dir/Core/Src/stm32f4xx_it.c.obj
                0x0800185c                USART1_IRQHandler
 .text.TIM7_IRQHandler
                0x0800186c       0x10 CMakeFiles/bubing_RM2025.elf.dir/Core/Src/stm32f4xx_it.c.obj
                0x0800186c                TIM7_IRQHandler
 .text.DMA2_Stream1_IRQHandler
                0x0800187c       0x10 CMakeFiles/bubing_RM2025.elf.dir/Core/Src/stm32f4xx_it.c.obj
                0x0800187c                DMA2_Stream1_IRQHandler
 .text.DMA2_Stream2_IRQHandler
                0x0800188c       0x10 CMakeFiles/bubing_RM2025.elf.dir/Core/Src/stm32f4xx_it.c.obj
                0x0800188c                DMA2_Stream2_IRQHandler
 .text.CAN2_RX0_IRQHandler
                0x0800189c       0x10 CMakeFiles/bubing_RM2025.elf.dir/Core/Src/stm32f4xx_it.c.obj
                0x0800189c                CAN2_RX0_IRQHandler
 .text.DMA2_Stream6_IRQHandler
                0x080018ac       0x10 CMakeFiles/bubing_RM2025.elf.dir/Core/Src/stm32f4xx_it.c.obj
                0x080018ac                DMA2_Stream6_IRQHandler
 .text.DMA2_Stream7_IRQHandler
                0x080018bc       0x10 CMakeFiles/bubing_RM2025.elf.dir/Core/Src/stm32f4xx_it.c.obj
                0x080018bc                DMA2_Stream7_IRQHandler
 .text.USART6_IRQHandler
                0x080018cc       0x10 CMakeFiles/bubing_RM2025.elf.dir/Core/Src/stm32f4xx_it.c.obj
                0x080018cc                USART6_IRQHandler
 .text._getpid  0x080018dc        0x4 CMakeFiles/bubing_RM2025.elf.dir/Core/Src/syscalls.c.obj
                0x080018dc                _getpid
 .text._kill    0x080018e0       0x10 CMakeFiles/bubing_RM2025.elf.dir/Core/Src/syscalls.c.obj
                0x080018e0                _kill
 .text._exit    0x080018f0        0xc CMakeFiles/bubing_RM2025.elf.dir/Core/Src/syscalls.c.obj
                0x080018f0                _exit
 .text._read    0x080018fc       0x20 CMakeFiles/bubing_RM2025.elf.dir/Core/Src/syscalls.c.obj
                0x080018fc                _read
 .text._write   0x0800191c       0x1c CMakeFiles/bubing_RM2025.elf.dir/Core/Src/syscalls.c.obj
                0x0800191c                _write
 .text._close   0x08001938        0x6 CMakeFiles/bubing_RM2025.elf.dir/Core/Src/syscalls.c.obj
                0x08001938                _close
 .text._fstat   0x0800193e        0xa CMakeFiles/bubing_RM2025.elf.dir/Core/Src/syscalls.c.obj
                0x0800193e                _fstat
 .text._isatty  0x08001948        0x4 CMakeFiles/bubing_RM2025.elf.dir/Core/Src/syscalls.c.obj
                0x08001948                _isatty
 .text._lseek   0x0800194c        0x4 CMakeFiles/bubing_RM2025.elf.dir/Core/Src/syscalls.c.obj
                0x0800194c                _lseek
 .text._sbrk    0x08001950       0x48 CMakeFiles/bubing_RM2025.elf.dir/Core/Src/sysmem.c.obj
                0x08001950                _sbrk
 .text.SystemInit
                0x08001998       0x14 CMakeFiles/bubing_RM2025.elf.dir/Core/Src/system_stm32f4xx.c.obj
                0x08001998                SystemInit
 .text.HAL_TIM_Base_MspInit
                0x080019ac       0x54 CMakeFiles/bubing_RM2025.elf.dir/Core/Src/tim.c.obj
                0x080019ac                HAL_TIM_Base_MspInit
 .text.HAL_TIM_MspPostInit
                0x08001a00       0xc0 CMakeFiles/bubing_RM2025.elf.dir/Core/Src/tim.c.obj
                0x08001a00                HAL_TIM_MspPostInit
 .text.MX_TIM1_Init
                0x08001ac0      0x124 CMakeFiles/bubing_RM2025.elf.dir/Core/Src/tim.c.obj
                0x08001ac0                MX_TIM1_Init
 .text.MX_TIM8_Init
                0x08001be4      0x110 CMakeFiles/bubing_RM2025.elf.dir/Core/Src/tim.c.obj
                0x08001be4                MX_TIM8_Init
 .text.MX_USART1_UART_Init
                0x08001cf4       0x34 CMakeFiles/bubing_RM2025.elf.dir/Core/Src/usart.c.obj
                0x08001cf4                MX_USART1_UART_Init
 .text.MX_USART3_UART_Init
                0x08001d28       0x3c CMakeFiles/bubing_RM2025.elf.dir/Core/Src/usart.c.obj
                0x08001d28                MX_USART3_UART_Init
 .text.MX_USART6_UART_Init
                0x08001d64       0x34 CMakeFiles/bubing_RM2025.elf.dir/Core/Src/usart.c.obj
                0x08001d64                MX_USART6_UART_Init
 .text.HAL_UART_MspInit
                0x08001d98      0x2d4 CMakeFiles/bubing_RM2025.elf.dir/Core/Src/usart.c.obj
                0x08001d98                HAL_UART_MspInit
 .text.Reset_Handler
                0x0800206c       0x50 CMakeFiles/bubing_RM2025.elf.dir/Core/Startup/startup_stm32f407ighx.s.obj
                0x0800206c                Reset_Handler
 .text.Default_Handler
                0x080020bc        0x2 CMakeFiles/bubing_RM2025.elf.dir/Core/Startup/startup_stm32f407ighx.s.obj
                0x080020bc                RTC_Alarm_IRQHandler
                0x080020bc                HASH_RNG_IRQHandler
                0x080020bc                EXTI2_IRQHandler
                0x080020bc                TIM8_CC_IRQHandler
                0x080020bc                TIM1_CC_IRQHandler
                0x080020bc                DMA2_Stream5_IRQHandler
                0x080020bc                DMA1_Stream5_IRQHandler
                0x080020bc                PVD_IRQHandler
                0x080020bc                SDIO_IRQHandler
                0x080020bc                TAMP_STAMP_IRQHandler
                0x080020bc                CAN2_RX1_IRQHandler
                0x080020bc                EXTI3_IRQHandler
                0x080020bc                TIM8_TRG_COM_TIM14_IRQHandler
                0x080020bc                TIM1_UP_TIM10_IRQHandler
                0x080020bc                TIM8_UP_TIM13_IRQHandler
                0x080020bc                I2C3_ER_IRQHandler
                0x080020bc                EXTI0_IRQHandler
                0x080020bc                I2C2_EV_IRQHandler
                0x080020bc                DMA1_Stream2_IRQHandler
                0x080020bc                FPU_IRQHandler
                0x080020bc                OTG_HS_WKUP_IRQHandler
                0x080020bc                CAN2_SCE_IRQHandler
                0x080020bc                SPI1_IRQHandler
                0x080020bc                TIM6_DAC_IRQHandler
                0x080020bc                TIM1_BRK_TIM9_IRQHandler
                0x080020bc                DCMI_IRQHandler
                0x080020bc                DMA2_Stream3_IRQHandler
                0x080020bc                CAN1_RX1_IRQHandler
                0x080020bc                UART5_IRQHandler
                0x080020bc                DMA2_Stream0_IRQHandler
                0x080020bc                TIM4_IRQHandler
                0x080020bc                I2C1_EV_IRQHandler
                0x080020bc                DMA1_Stream6_IRQHandler
                0x080020bc                UART4_IRQHandler
                0x080020bc                TIM3_IRQHandler
                0x080020bc                RCC_IRQHandler
                0x080020bc                TIM8_BRK_TIM12_IRQHandler
                0x080020bc                Default_Handler
                0x080020bc                EXTI15_10_IRQHandler
                0x080020bc                ADC_IRQHandler
                0x080020bc                DMA1_Stream7_IRQHandler
                0x080020bc                CAN2_TX_IRQHandler
                0x080020bc                TIM5_IRQHandler
                0x080020bc                I2C3_EV_IRQHandler
                0x080020bc                EXTI9_5_IRQHandler
                0x080020bc                RTC_WKUP_IRQHandler
                0x080020bc                ETH_WKUP_IRQHandler
                0x080020bc                SPI2_IRQHandler
                0x080020bc                OTG_HS_EP1_IN_IRQHandler
                0x080020bc                DMA1_Stream0_IRQHandler
                0x080020bc                CAN1_TX_IRQHandler
                0x080020bc                EXTI4_IRQHandler
                0x080020bc                FSMC_IRQHandler
                0x080020bc                ETH_IRQHandler
                0x080020bc                OTG_HS_EP1_OUT_IRQHandler
                0x080020bc                WWDG_IRQHandler
                0x080020bc                TIM2_IRQHandler
                0x080020bc                OTG_FS_WKUP_IRQHandler
                0x080020bc                TIM1_TRG_COM_TIM11_IRQHandler
                0x080020bc                OTG_HS_IRQHandler
                0x080020bc                EXTI1_IRQHandler
                0x080020bc                USART2_IRQHandler
                0x080020bc                I2C2_ER_IRQHandler
                0x080020bc                CAN1_SCE_IRQHandler
                0x080020bc                FLASH_IRQHandler
                0x080020bc                DMA2_Stream4_IRQHandler
                0x080020bc                OTG_FS_IRQHandler
                0x080020bc                SPI3_IRQHandler
                0x080020bc                DMA1_Stream4_IRQHandler
                0x080020bc                I2C1_ER_IRQHandler
                0x080020bc                DMA1_Stream3_IRQHandler
 *fill*         0x080020be        0x2 
 .text.HAL_Init
                0x080020c0       0x34 CMakeFiles/bubing_RM2025.elf.dir/Drivers/STM32F4xx_HAL_Driver/Src/stm32f4xx_hal.c.obj
                0x080020c0                HAL_Init
 .text.HAL_IncTick
                0x080020f4       0x18 CMakeFiles/bubing_RM2025.elf.dir/Drivers/STM32F4xx_HAL_Driver/Src/stm32f4xx_hal.c.obj
                0x080020f4                HAL_IncTick
 .text.HAL_GetTick
                0x0800210c        0xc CMakeFiles/bubing_RM2025.elf.dir/Drivers/STM32F4xx_HAL_Driver/Src/stm32f4xx_hal.c.obj
                0x0800210c                HAL_GetTick
 .text.HAL_Delay
                0x08002118       0x28 CMakeFiles/bubing_RM2025.elf.dir/Drivers/STM32F4xx_HAL_Driver/Src/stm32f4xx_hal.c.obj
                0x08002118                HAL_Delay
 .text.HAL_CAN_Init
                0x08002140      0x14c CMakeFiles/bubing_RM2025.elf.dir/Drivers/STM32F4xx_HAL_Driver/Src/stm32f4xx_hal_can.c.obj
                0x08002140                HAL_CAN_Init
 .text.HAL_CAN_ConfigFilter
                0x0800228c      0x138 CMakeFiles/bubing_RM2025.elf.dir/Drivers/STM32F4xx_HAL_Driver/Src/stm32f4xx_hal_can.c.obj
                0x0800228c                HAL_CAN_ConfigFilter
 .text.HAL_CAN_Start
                0x080023c4       0x5c CMakeFiles/bubing_RM2025.elf.dir/Drivers/STM32F4xx_HAL_Driver/Src/stm32f4xx_hal_can.c.obj
                0x080023c4                HAL_CAN_Start
 .text.HAL_CAN_AddTxMessage
                0x08002420       0xea CMakeFiles/bubing_RM2025.elf.dir/Drivers/STM32F4xx_HAL_Driver/Src/stm32f4xx_hal_can.c.obj
                0x08002420                HAL_CAN_AddTxMessage
 .text.HAL_CAN_GetRxMessage
                0x0800250a      0x16a CMakeFiles/bubing_RM2025.elf.dir/Drivers/STM32F4xx_HAL_Driver/Src/stm32f4xx_hal_can.c.obj
                0x0800250a                HAL_CAN_GetRxMessage
 .text.HAL_CAN_ActivateNotification
                0x08002674       0x24 CMakeFiles/bubing_RM2025.elf.dir/Drivers/STM32F4xx_HAL_Driver/Src/stm32f4xx_hal_can.c.obj
                0x08002674                HAL_CAN_ActivateNotification
 .text.HAL_CAN_TxMailbox0CompleteCallback
                0x08002698        0x2 CMakeFiles/bubing_RM2025.elf.dir/Drivers/STM32F4xx_HAL_Driver/Src/stm32f4xx_hal_can.c.obj
                0x08002698                HAL_CAN_TxMailbox0CompleteCallback
 .text.HAL_CAN_TxMailbox1CompleteCallback
                0x0800269a        0x2 CMakeFiles/bubing_RM2025.elf.dir/Drivers/STM32F4xx_HAL_Driver/Src/stm32f4xx_hal_can.c.obj
                0x0800269a                HAL_CAN_TxMailbox1CompleteCallback
 .text.HAL_CAN_TxMailbox2CompleteCallback
                0x0800269c        0x2 CMakeFiles/bubing_RM2025.elf.dir/Drivers/STM32F4xx_HAL_Driver/Src/stm32f4xx_hal_can.c.obj
                0x0800269c                HAL_CAN_TxMailbox2CompleteCallback
 .text.HAL_CAN_TxMailbox0AbortCallback
                0x0800269e        0x2 CMakeFiles/bubing_RM2025.elf.dir/Drivers/STM32F4xx_HAL_Driver/Src/stm32f4xx_hal_can.c.obj
                0x0800269e                HAL_CAN_TxMailbox0AbortCallback
 .text.HAL_CAN_TxMailbox1AbortCallback
                0x080026a0        0x2 CMakeFiles/bubing_RM2025.elf.dir/Drivers/STM32F4xx_HAL_Driver/Src/stm32f4xx_hal_can.c.obj
                0x080026a0                HAL_CAN_TxMailbox1AbortCallback
 .text.HAL_CAN_TxMailbox2AbortCallback
                0x080026a2        0x2 CMakeFiles/bubing_RM2025.elf.dir/Drivers/STM32F4xx_HAL_Driver/Src/stm32f4xx_hal_can.c.obj
                0x080026a2                HAL_CAN_TxMailbox2AbortCallback
 .text.HAL_CAN_RxFifo0FullCallback
                0x080026a4        0x2 CMakeFiles/bubing_RM2025.elf.dir/Drivers/STM32F4xx_HAL_Driver/Src/stm32f4xx_hal_can.c.obj
                0x080026a4                HAL_CAN_RxFifo0FullCallback
 .text.HAL_CAN_RxFifo1MsgPendingCallback
                0x080026a6        0x2 CMakeFiles/bubing_RM2025.elf.dir/Drivers/STM32F4xx_HAL_Driver/Src/stm32f4xx_hal_can.c.obj
                0x080026a6                HAL_CAN_RxFifo1MsgPendingCallback
 .text.HAL_CAN_RxFifo1FullCallback
                0x080026a8        0x2 CMakeFiles/bubing_RM2025.elf.dir/Drivers/STM32F4xx_HAL_Driver/Src/stm32f4xx_hal_can.c.obj
                0x080026a8                HAL_CAN_RxFifo1FullCallback
 .text.HAL_CAN_SleepCallback
                0x080026aa        0x2 CMakeFiles/bubing_RM2025.elf.dir/Drivers/STM32F4xx_HAL_Driver/Src/stm32f4xx_hal_can.c.obj
                0x080026aa                HAL_CAN_SleepCallback
 .text.HAL_CAN_WakeUpFromRxMsgCallback
                0x080026ac        0x2 CMakeFiles/bubing_RM2025.elf.dir/Drivers/STM32F4xx_HAL_Driver/Src/stm32f4xx_hal_can.c.obj
                0x080026ac                HAL_CAN_WakeUpFromRxMsgCallback
 .text.HAL_CAN_ErrorCallback
                0x080026ae        0x2 CMakeFiles/bubing_RM2025.elf.dir/Drivers/STM32F4xx_HAL_Driver/Src/stm32f4xx_hal_can.c.obj
                0x080026ae                HAL_CAN_ErrorCallback
 .text.HAL_CAN_IRQHandler
                0x080026b0      0x250 CMakeFiles/bubing_RM2025.elf.dir/Drivers/STM32F4xx_HAL_Driver/Src/stm32f4xx_hal_can.c.obj
                0x080026b0                HAL_CAN_IRQHandler
 .text.__NVIC_EnableIRQ
                0x08002900       0x1c CMakeFiles/bubing_RM2025.elf.dir/Drivers/STM32F4xx_HAL_Driver/Src/stm32f4xx_hal_cortex.c.obj
 .text.__NVIC_SetPriority
                0x0800291c       0x28 CMakeFiles/bubing_RM2025.elf.dir/Drivers/STM32F4xx_HAL_Driver/Src/stm32f4xx_hal_cortex.c.obj
 .text.NVIC_EncodePriority
                0x08002944       0x3e CMakeFiles/bubing_RM2025.elf.dir/Drivers/STM32F4xx_HAL_Driver/Src/stm32f4xx_hal_cortex.c.obj
 *fill*         0x08002982        0x2 
 .text.HAL_NVIC_SetPriorityGrouping
                0x08002984       0x24 CMakeFiles/bubing_RM2025.elf.dir/Drivers/STM32F4xx_HAL_Driver/Src/stm32f4xx_hal_cortex.c.obj
                0x08002984                HAL_NVIC_SetPriorityGrouping
 .text.HAL_NVIC_SetPriority
                0x080029a8       0x20 CMakeFiles/bubing_RM2025.elf.dir/Drivers/STM32F4xx_HAL_Driver/Src/stm32f4xx_hal_cortex.c.obj
                0x080029a8                HAL_NVIC_SetPriority
 .text.HAL_NVIC_EnableIRQ
                0x080029c8        0x8 CMakeFiles/bubing_RM2025.elf.dir/Drivers/STM32F4xx_HAL_Driver/Src/stm32f4xx_hal_cortex.c.obj
                0x080029c8                HAL_NVIC_EnableIRQ
 .text.DMA_SetConfig
                0x080029d0       0x2c CMakeFiles/bubing_RM2025.elf.dir/Drivers/STM32F4xx_HAL_Driver/Src/stm32f4xx_hal_dma.c.obj
 .text.DMA_CalcBaseAndBitshift
                0x080029fc       0x3c CMakeFiles/bubing_RM2025.elf.dir/Drivers/STM32F4xx_HAL_Driver/Src/stm32f4xx_hal_dma.c.obj
 .text.DMA_CheckFifoParam
                0x08002a38       0x8e CMakeFiles/bubing_RM2025.elf.dir/Drivers/STM32F4xx_HAL_Driver/Src/stm32f4xx_hal_dma.c.obj
 *fill*         0x08002ac6        0x2 
 .text.HAL_DMA_Init
                0x08002ac8       0xcc CMakeFiles/bubing_RM2025.elf.dir/Drivers/STM32F4xx_HAL_Driver/Src/stm32f4xx_hal_dma.c.obj
                0x08002ac8                HAL_DMA_Init
 .text.HAL_DMA_Start_IT
                0x08002b94       0x6a CMakeFiles/bubing_RM2025.elf.dir/Drivers/STM32F4xx_HAL_Driver/Src/stm32f4xx_hal_dma.c.obj
                0x08002b94                HAL_DMA_Start_IT
 .text.HAL_DMA_Abort
                0x08002bfe       0x94 CMakeFiles/bubing_RM2025.elf.dir/Drivers/STM32F4xx_HAL_Driver/Src/stm32f4xx_hal_dma.c.obj
                0x08002bfe                HAL_DMA_Abort
 .text.HAL_DMA_Abort_IT
                0x08002c92       0x26 CMakeFiles/bubing_RM2025.elf.dir/Drivers/STM32F4xx_HAL_Driver/Src/stm32f4xx_hal_dma.c.obj
                0x08002c92                HAL_DMA_Abort_IT
 .text.HAL_DMA_IRQHandler
                0x08002cb8      0x1dc CMakeFiles/bubing_RM2025.elf.dir/Drivers/STM32F4xx_HAL_Driver/Src/stm32f4xx_hal_dma.c.obj
                0x08002cb8                HAL_DMA_IRQHandler
 .text.HAL_GPIO_Init
                0x08002e94      0x1ec CMakeFiles/bubing_RM2025.elf.dir/Drivers/STM32F4xx_HAL_Driver/Src/stm32f4xx_hal_gpio.c.obj
                0x08002e94                HAL_GPIO_Init
 .text.HAL_GPIO_WritePin
                0x08003080        0xc CMakeFiles/bubing_RM2025.elf.dir/Drivers/STM32F4xx_HAL_Driver/Src/stm32f4xx_hal_gpio.c.obj
                0x08003080                HAL_GPIO_WritePin
 .text.HAL_GPIO_TogglePin
                0x0800308c       0x12 CMakeFiles/bubing_RM2025.elf.dir/Drivers/STM32F4xx_HAL_Driver/Src/stm32f4xx_hal_gpio.c.obj
                0x0800308c                HAL_GPIO_TogglePin
 *fill*         0x0800309e        0x2 
 .text.HAL_RCC_OscConfig
                0x080030a0      0x3f8 CMakeFiles/bubing_RM2025.elf.dir/Drivers/STM32F4xx_HAL_Driver/Src/stm32f4xx_hal_rcc.c.obj
                0x080030a0                HAL_RCC_OscConfig
 .text.HAL_RCC_GetSysClockFreq
                0x08003498       0xa8 CMakeFiles/bubing_RM2025.elf.dir/Drivers/STM32F4xx_HAL_Driver/Src/stm32f4xx_hal_rcc.c.obj
                0x08003498                HAL_RCC_GetSysClockFreq
 .text.HAL_RCC_ClockConfig
                0x08003540      0x160 CMakeFiles/bubing_RM2025.elf.dir/Drivers/STM32F4xx_HAL_Driver/Src/stm32f4xx_hal_rcc.c.obj
                0x08003540                HAL_RCC_ClockConfig
 .text.HAL_RCC_GetHCLKFreq
                0x080036a0        0xc CMakeFiles/bubing_RM2025.elf.dir/Drivers/STM32F4xx_HAL_Driver/Src/stm32f4xx_hal_rcc.c.obj
                0x080036a0                HAL_RCC_GetHCLKFreq
 .text.HAL_RCC_GetPCLK1Freq
                0x080036ac       0x20 CMakeFiles/bubing_RM2025.elf.dir/Drivers/STM32F4xx_HAL_Driver/Src/stm32f4xx_hal_rcc.c.obj
                0x080036ac                HAL_RCC_GetPCLK1Freq
 .text.HAL_RCC_GetPCLK2Freq
                0x080036cc       0x20 CMakeFiles/bubing_RM2025.elf.dir/Drivers/STM32F4xx_HAL_Driver/Src/stm32f4xx_hal_rcc.c.obj
                0x080036cc                HAL_RCC_GetPCLK2Freq
 .text.HAL_RCC_GetClockConfig
                0x080036ec       0x3c CMakeFiles/bubing_RM2025.elf.dir/Drivers/STM32F4xx_HAL_Driver/Src/stm32f4xx_hal_rcc.c.obj
                0x080036ec                HAL_RCC_GetClockConfig
 .text.SPI_WaitFlagStateUntilTimeout
                0x08003728       0xc8 CMakeFiles/bubing_RM2025.elf.dir/Drivers/STM32F4xx_HAL_Driver/Src/stm32f4xx_hal_spi.c.obj
 .text.SPI_EndRxTxTransaction
                0x080037f0       0x80 CMakeFiles/bubing_RM2025.elf.dir/Drivers/STM32F4xx_HAL_Driver/Src/stm32f4xx_hal_spi.c.obj
 .text.HAL_SPI_Init
                0x08003870       0xbe CMakeFiles/bubing_RM2025.elf.dir/Drivers/STM32F4xx_HAL_Driver/Src/stm32f4xx_hal_spi.c.obj
                0x08003870                HAL_SPI_Init
 .text.HAL_SPI_TransmitReceive
                0x0800392e      0x254 CMakeFiles/bubing_RM2025.elf.dir/Drivers/STM32F4xx_HAL_Driver/Src/stm32f4xx_hal_spi.c.obj
                0x0800392e                HAL_SPI_TransmitReceive
 *fill*         0x08003b82        0x2 
 .text.TIM_OC1_SetConfig
                0x08003b84       0x70 CMakeFiles/bubing_RM2025.elf.dir/Drivers/STM32F4xx_HAL_Driver/Src/stm32f4xx_hal_tim.c.obj
 .text.TIM_OC3_SetConfig
                0x08003bf4       0x70 CMakeFiles/bubing_RM2025.elf.dir/Drivers/STM32F4xx_HAL_Driver/Src/stm32f4xx_hal_tim.c.obj
 .text.TIM_OC4_SetConfig
                0x08003c64       0x50 CMakeFiles/bubing_RM2025.elf.dir/Drivers/STM32F4xx_HAL_Driver/Src/stm32f4xx_hal_tim.c.obj
 .text.TIM_TI1_ConfigInputStage
                0x08003cb4       0x26 CMakeFiles/bubing_RM2025.elf.dir/Drivers/STM32F4xx_HAL_Driver/Src/stm32f4xx_hal_tim.c.obj
 .text.TIM_TI2_ConfigInputStage
                0x08003cda       0x28 CMakeFiles/bubing_RM2025.elf.dir/Drivers/STM32F4xx_HAL_Driver/Src/stm32f4xx_hal_tim.c.obj
 .text.TIM_ITRx_SetConfig
                0x08003d02       0x10 CMakeFiles/bubing_RM2025.elf.dir/Drivers/STM32F4xx_HAL_Driver/Src/stm32f4xx_hal_tim.c.obj
 *fill*         0x08003d12        0x2 
 .text.HAL_TIM_Base_Start
                0x08003d14       0x7c CMakeFiles/bubing_RM2025.elf.dir/Drivers/STM32F4xx_HAL_Driver/Src/stm32f4xx_hal_tim.c.obj
                0x08003d14                HAL_TIM_Base_Start
 .text.HAL_TIM_Base_Start_IT
                0x08003d90       0x88 CMakeFiles/bubing_RM2025.elf.dir/Drivers/STM32F4xx_HAL_Driver/Src/stm32f4xx_hal_tim.c.obj
                0x08003d90                HAL_TIM_Base_Start_IT
 .text.HAL_TIM_PWM_MspInit
                0x08003e18        0x2 CMakeFiles/bubing_RM2025.elf.dir/Drivers/STM32F4xx_HAL_Driver/Src/stm32f4xx_hal_tim.c.obj
                0x08003e18                HAL_TIM_PWM_MspInit
 .text.HAL_TIM_OC_DelayElapsedCallback
                0x08003e1a        0x2 CMakeFiles/bubing_RM2025.elf.dir/Drivers/STM32F4xx_HAL_Driver/Src/stm32f4xx_hal_tim.c.obj
                0x08003e1a                HAL_TIM_OC_DelayElapsedCallback
 .text.HAL_TIM_IC_CaptureCallback
                0x08003e1c        0x2 CMakeFiles/bubing_RM2025.elf.dir/Drivers/STM32F4xx_HAL_Driver/Src/stm32f4xx_hal_tim.c.obj
                0x08003e1c                HAL_TIM_IC_CaptureCallback
 .text.HAL_TIM_PWM_PulseFinishedCallback
                0x08003e1e        0x2 CMakeFiles/bubing_RM2025.elf.dir/Drivers/STM32F4xx_HAL_Driver/Src/stm32f4xx_hal_tim.c.obj
                0x08003e1e                HAL_TIM_PWM_PulseFinishedCallback
 .text.HAL_TIM_TriggerCallback
                0x08003e20        0x2 CMakeFiles/bubing_RM2025.elf.dir/Drivers/STM32F4xx_HAL_Driver/Src/stm32f4xx_hal_tim.c.obj
                0x08003e20                HAL_TIM_TriggerCallback
 .text.HAL_TIM_IRQHandler
                0x08003e22      0x15e CMakeFiles/bubing_RM2025.elf.dir/Drivers/STM32F4xx_HAL_Driver/Src/stm32f4xx_hal_tim.c.obj
                0x08003e22                HAL_TIM_IRQHandler
 .text.TIM_Base_SetConfig
                0x08003f80       0xd8 CMakeFiles/bubing_RM2025.elf.dir/Drivers/STM32F4xx_HAL_Driver/Src/stm32f4xx_hal_tim.c.obj
                0x08003f80                TIM_Base_SetConfig
 .text.HAL_TIM_Base_Init
                0x08004058       0x58 CMakeFiles/bubing_RM2025.elf.dir/Drivers/STM32F4xx_HAL_Driver/Src/stm32f4xx_hal_tim.c.obj
                0x08004058                HAL_TIM_Base_Init
 .text.HAL_TIM_PWM_Init
                0x080040b0       0x58 CMakeFiles/bubing_RM2025.elf.dir/Drivers/STM32F4xx_HAL_Driver/Src/stm32f4xx_hal_tim.c.obj
                0x080040b0                HAL_TIM_PWM_Init
 .text.TIM_OC2_SetConfig
                0x08004108       0x70 CMakeFiles/bubing_RM2025.elf.dir/Drivers/STM32F4xx_HAL_Driver/Src/stm32f4xx_hal_tim.c.obj
                0x08004108                TIM_OC2_SetConfig
 .text.HAL_TIM_PWM_ConfigChannel
                0x08004178       0xdc CMakeFiles/bubing_RM2025.elf.dir/Drivers/STM32F4xx_HAL_Driver/Src/stm32f4xx_hal_tim.c.obj
                0x08004178                HAL_TIM_PWM_ConfigChannel
 .text.TIM_ETR_SetConfig
                0x08004254       0x1a CMakeFiles/bubing_RM2025.elf.dir/Drivers/STM32F4xx_HAL_Driver/Src/stm32f4xx_hal_tim.c.obj
                0x08004254                TIM_ETR_SetConfig
 .text.HAL_TIM_ConfigClockSource
                0x0800426e       0xfe CMakeFiles/bubing_RM2025.elf.dir/Drivers/STM32F4xx_HAL_Driver/Src/stm32f4xx_hal_tim.c.obj
                0x0800426e                HAL_TIM_ConfigClockSource
 .text.TIM_CCxChannelCmd
                0x0800436c       0x1e CMakeFiles/bubing_RM2025.elf.dir/Drivers/STM32F4xx_HAL_Driver/Src/stm32f4xx_hal_tim.c.obj
                0x0800436c                TIM_CCxChannelCmd
 *fill*         0x0800438a        0x2 
 .text.HAL_TIM_PWM_Start
                0x0800438c      0x104 CMakeFiles/bubing_RM2025.elf.dir/Drivers/STM32F4xx_HAL_Driver/Src/stm32f4xx_hal_tim.c.obj
                0x0800438c                HAL_TIM_PWM_Start
 .text.HAL_TIMEx_MasterConfigSynchronization
                0x08004490       0x8c CMakeFiles/bubing_RM2025.elf.dir/Drivers/STM32F4xx_HAL_Driver/Src/stm32f4xx_hal_tim_ex.c.obj
                0x08004490                HAL_TIMEx_MasterConfigSynchronization
 .text.HAL_TIMEx_ConfigBreakDeadTime
                0x0800451c       0x52 CMakeFiles/bubing_RM2025.elf.dir/Drivers/STM32F4xx_HAL_Driver/Src/stm32f4xx_hal_tim_ex.c.obj
                0x0800451c                HAL_TIMEx_ConfigBreakDeadTime
 .text.HAL_TIMEx_CommutCallback
                0x0800456e        0x2 CMakeFiles/bubing_RM2025.elf.dir/Drivers/STM32F4xx_HAL_Driver/Src/stm32f4xx_hal_tim_ex.c.obj
                0x0800456e                HAL_TIMEx_CommutCallback
 .text.HAL_TIMEx_BreakCallback
                0x08004570        0x2 CMakeFiles/bubing_RM2025.elf.dir/Drivers/STM32F4xx_HAL_Driver/Src/stm32f4xx_hal_tim_ex.c.obj
                0x08004570                HAL_TIMEx_BreakCallback
 .text.UART_EndTxTransfer
                0x08004572       0x20 CMakeFiles/bubing_RM2025.elf.dir/Drivers/STM32F4xx_HAL_Driver/Src/stm32f4xx_hal_uart.c.obj
 .text.UART_EndRxTransfer
                0x08004592       0x5c CMakeFiles/bubing_RM2025.elf.dir/Drivers/STM32F4xx_HAL_Driver/Src/stm32f4xx_hal_uart.c.obj
 .text.UART_Transmit_IT
                0x080045ee       0x60 CMakeFiles/bubing_RM2025.elf.dir/Drivers/STM32F4xx_HAL_Driver/Src/stm32f4xx_hal_uart.c.obj
 *fill*         0x0800464e        0x2 
 .text.UART_SetConfig
                0x08004650      0x110 CMakeFiles/bubing_RM2025.elf.dir/Drivers/STM32F4xx_HAL_Driver/Src/stm32f4xx_hal_uart.c.obj
 .text.UART_WaitOnFlagUntilTimeout
                0x08004760       0x86 CMakeFiles/bubing_RM2025.elf.dir/Drivers/STM32F4xx_HAL_Driver/Src/stm32f4xx_hal_uart.c.obj
 .text.HAL_UART_Init
                0x080047e6       0x60 CMakeFiles/bubing_RM2025.elf.dir/Drivers/STM32F4xx_HAL_Driver/Src/stm32f4xx_hal_uart.c.obj
                0x080047e6                HAL_UART_Init
 .text.HAL_UART_Transmit
                0x08004846       0xcc CMakeFiles/bubing_RM2025.elf.dir/Drivers/STM32F4xx_HAL_Driver/Src/stm32f4xx_hal_uart.c.obj
                0x08004846                HAL_UART_Transmit
 .text.HAL_UART_Transmit_IT
                0x08004912       0x38 CMakeFiles/bubing_RM2025.elf.dir/Drivers/STM32F4xx_HAL_Driver/Src/stm32f4xx_hal_uart.c.obj
                0x08004912                HAL_UART_Transmit_IT
 .text.HAL_UART_TxCpltCallback
                0x0800494a        0x2 CMakeFiles/bubing_RM2025.elf.dir/Drivers/STM32F4xx_HAL_Driver/Src/stm32f4xx_hal_uart.c.obj
                0x0800494a                HAL_UART_TxCpltCallback
 .text.UART_EndTransmit_IT
                0x0800494c       0x1a CMakeFiles/bubing_RM2025.elf.dir/Drivers/STM32F4xx_HAL_Driver/Src/stm32f4xx_hal_uart.c.obj
 .text.HAL_UART_RxHalfCpltCallback
                0x08004966        0x2 CMakeFiles/bubing_RM2025.elf.dir/Drivers/STM32F4xx_HAL_Driver/Src/stm32f4xx_hal_uart.c.obj
                0x08004966                HAL_UART_RxHalfCpltCallback
 .text.HAL_UART_ErrorCallback
                0x08004968        0x2 CMakeFiles/bubing_RM2025.elf.dir/Drivers/STM32F4xx_HAL_Driver/Src/stm32f4xx_hal_uart.c.obj
                0x08004968                HAL_UART_ErrorCallback
 .text.UART_DMAError
                0x0800496a       0x58 CMakeFiles/bubing_RM2025.elf.dir/Drivers/STM32F4xx_HAL_Driver/Src/stm32f4xx_hal_uart.c.obj
 .text.UART_DMAAbortOnError
                0x080049c2       0x10 CMakeFiles/bubing_RM2025.elf.dir/Drivers/STM32F4xx_HAL_Driver/Src/stm32f4xx_hal_uart.c.obj
 .text.HAL_UARTEx_RxEventCallback
                0x080049d2        0x2 CMakeFiles/bubing_RM2025.elf.dir/Drivers/STM32F4xx_HAL_Driver/Src/stm32f4xx_hal_uart.c.obj
                0x080049d2                HAL_UARTEx_RxEventCallback
 .text.UART_Receive_IT
                0x080049d4       0xe6 CMakeFiles/bubing_RM2025.elf.dir/Drivers/STM32F4xx_HAL_Driver/Src/stm32f4xx_hal_uart.c.obj
 *fill*         0x08004aba        0x2 
 .text.HAL_UART_IRQHandler
                0x08004abc      0x284 CMakeFiles/bubing_RM2025.elf.dir/Drivers/STM32F4xx_HAL_Driver/Src/stm32f4xx_hal_uart.c.obj
                0x08004abc                HAL_UART_IRQHandler
 .text.UART_DMARxHalfCplt
                0x08004d40       0x1e CMakeFiles/bubing_RM2025.elf.dir/Drivers/STM32F4xx_HAL_Driver/Src/stm32f4xx_hal_uart.c.obj
 .text.UART_DMAReceiveCplt
                0x08004d5e       0x9a CMakeFiles/bubing_RM2025.elf.dir/Drivers/STM32F4xx_HAL_Driver/Src/stm32f4xx_hal_uart.c.obj
 .text.UART_Start_Receive_DMA
                0x08004df8       0xa4 CMakeFiles/bubing_RM2025.elf.dir/Drivers/STM32F4xx_HAL_Driver/Src/stm32f4xx_hal_uart.c.obj
                0x08004df8                UART_Start_Receive_DMA
 .text.HAL_UART_Receive_DMA
                0x08004e9c       0x26 CMakeFiles/bubing_RM2025.elf.dir/Drivers/STM32F4xx_HAL_Driver/Src/stm32f4xx_hal_uart.c.obj
                0x08004e9c                HAL_UART_Receive_DMA
 .text.makeFreeRtosPriority
                0x08004ec2        0xc CMakeFiles/bubing_RM2025.elf.dir/Middlewares/Third_Party/FreeRTOS/Source/CMSIS_RTOS/cmsis_os.c.obj
 .text.osKernelStart
                0x08004ece        0xa CMakeFiles/bubing_RM2025.elf.dir/Middlewares/Third_Party/FreeRTOS/Source/CMSIS_RTOS/cmsis_os.c.obj
                0x08004ece                osKernelStart
 .text.osThreadCreate
                0x08004ed8       0x66 CMakeFiles/bubing_RM2025.elf.dir/Middlewares/Third_Party/FreeRTOS/Source/CMSIS_RTOS/cmsis_os.c.obj
                0x08004ed8                osThreadCreate
 .text.osDelay  0x08004f3e        0xe CMakeFiles/bubing_RM2025.elf.dir/Middlewares/Third_Party/FreeRTOS/Source/CMSIS_RTOS/cmsis_os.c.obj
                0x08004f3e                osDelay
 .text.vListInitialise
                0x08004f4c       0x16 CMakeFiles/bubing_RM2025.elf.dir/Middlewares/Third_Party/FreeRTOS/Source/list.c.obj
                0x08004f4c                vListInitialise
 .text.vListInitialiseItem
                0x08004f62        0x6 CMakeFiles/bubing_RM2025.elf.dir/Middlewares/Third_Party/FreeRTOS/Source/list.c.obj
                0x08004f62                vListInitialiseItem
 .text.vListInsertEnd
                0x08004f68       0x16 CMakeFiles/bubing_RM2025.elf.dir/Middlewares/Third_Party/FreeRTOS/Source/list.c.obj
                0x08004f68                vListInsertEnd
 .text.vListInsert
                0x08004f7e       0x32 CMakeFiles/bubing_RM2025.elf.dir/Middlewares/Third_Party/FreeRTOS/Source/list.c.obj
                0x08004f7e                vListInsert
 .text.uxListRemove
                0x08004fb0       0x26 CMakeFiles/bubing_RM2025.elf.dir/Middlewares/Third_Party/FreeRTOS/Source/list.c.obj
                0x08004fb0                uxListRemove
 *fill*         0x08004fd6        0x2 
 .text.prvTaskExitError
                0x08004fd8       0x40 CMakeFiles/bubing_RM2025.elf.dir/Middlewares/Third_Party/FreeRTOS/Source/portable/GCC/ARM_CM4F/port.c.obj
 .text.prvPortStartFirstTask
                0x08005018       0x28 CMakeFiles/bubing_RM2025.elf.dir/Middlewares/Third_Party/FreeRTOS/Source/portable/GCC/ARM_CM4F/port.c.obj
 .text.vPortEnableVFP
                0x08005040       0x14 CMakeFiles/bubing_RM2025.elf.dir/Middlewares/Third_Party/FreeRTOS/Source/portable/GCC/ARM_CM4F/port.c.obj
 .text.pxPortInitialiseStack
                0x08005054       0x2c CMakeFiles/bubing_RM2025.elf.dir/Middlewares/Third_Party/FreeRTOS/Source/portable/GCC/ARM_CM4F/port.c.obj
                0x08005054                pxPortInitialiseStack
 .text.SVC_Handler
                0x08005080       0x24 CMakeFiles/bubing_RM2025.elf.dir/Middlewares/Third_Party/FreeRTOS/Source/portable/GCC/ARM_CM4F/port.c.obj
                0x08005080                SVC_Handler
 .text.vPortEnterCritical
                0x080050a4       0x44 CMakeFiles/bubing_RM2025.elf.dir/Middlewares/Third_Party/FreeRTOS/Source/portable/GCC/ARM_CM4F/port.c.obj
                0x080050a4                vPortEnterCritical
 .text.vPortExitCritical
                0x080050e8       0x2c CMakeFiles/bubing_RM2025.elf.dir/Middlewares/Third_Party/FreeRTOS/Source/portable/GCC/ARM_CM4F/port.c.obj
                0x080050e8                vPortExitCritical
 *fill*         0x08005114        0xc 
 .text.PendSV_Handler
                0x08005120       0x64 CMakeFiles/bubing_RM2025.elf.dir/Middlewares/Third_Party/FreeRTOS/Source/portable/GCC/ARM_CM4F/port.c.obj
                0x08005120                PendSV_Handler
 .text.SysTick_Handler
                0x08005184       0x2c CMakeFiles/bubing_RM2025.elf.dir/Middlewares/Third_Party/FreeRTOS/Source/portable/GCC/ARM_CM4F/port.c.obj
                0x08005184                SysTick_Handler
 .text.vPortSetupTimerInterrupt
                0x080051b0       0x28 CMakeFiles/bubing_RM2025.elf.dir/Middlewares/Third_Party/FreeRTOS/Source/portable/GCC/ARM_CM4F/port.c.obj
                0x080051b0                vPortSetupTimerInterrupt
 .text.xPortStartScheduler
                0x080051d8      0x118 CMakeFiles/bubing_RM2025.elf.dir/Middlewares/Third_Party/FreeRTOS/Source/portable/GCC/ARM_CM4F/port.c.obj
                0x080051d8                xPortStartScheduler
 .text.prvHeapInit
                0x080052f0       0x64 CMakeFiles/bubing_RM2025.elf.dir/Middlewares/Third_Party/FreeRTOS/Source/portable/MemMang/heap_4.c.obj
 .text.prvInsertBlockIntoFreeList
                0x08005354       0x64 CMakeFiles/bubing_RM2025.elf.dir/Middlewares/Third_Party/FreeRTOS/Source/portable/MemMang/heap_4.c.obj
 .text.pvPortMalloc
                0x080053b8      0x104 CMakeFiles/bubing_RM2025.elf.dir/Middlewares/Third_Party/FreeRTOS/Source/portable/MemMang/heap_4.c.obj
                0x080053b8                pvPortMalloc
 .text.vPortFree
                0x080054bc       0x7c CMakeFiles/bubing_RM2025.elf.dir/Middlewares/Third_Party/FreeRTOS/Source/portable/MemMang/heap_4.c.obj
                0x080054bc                vPortFree
 .text.prvResetNextTaskUnblockTime
                0x08005538       0x2c CMakeFiles/bubing_RM2025.elf.dir/Middlewares/Third_Party/FreeRTOS/Source/tasks.c.obj
 .text.prvInitialiseNewTask
                0x08005564       0xfc CMakeFiles/bubing_RM2025.elf.dir/Middlewares/Third_Party/FreeRTOS/Source/tasks.c.obj
 .text.prvInitialiseTaskLists
                0x08005660       0x68 CMakeFiles/bubing_RM2025.elf.dir/Middlewares/Third_Party/FreeRTOS/Source/tasks.c.obj
 .text.prvAddNewTaskToReadyList
                0x080056c8       0xa8 CMakeFiles/bubing_RM2025.elf.dir/Middlewares/Third_Party/FreeRTOS/Source/tasks.c.obj
 .text.prvDeleteTCB
                0x08005770       0x40 CMakeFiles/bubing_RM2025.elf.dir/Middlewares/Third_Party/FreeRTOS/Source/tasks.c.obj
 .text.prvCheckTasksWaitingTermination
                0x080057b0       0x4c CMakeFiles/bubing_RM2025.elf.dir/Middlewares/Third_Party/FreeRTOS/Source/tasks.c.obj
 .text.prvIdleTask
                0x080057fc       0x28 CMakeFiles/bubing_RM2025.elf.dir/Middlewares/Third_Party/FreeRTOS/Source/tasks.c.obj
 .text.prvAddCurrentTaskToDelayedList
                0x08005824       0x98 CMakeFiles/bubing_RM2025.elf.dir/Middlewares/Third_Party/FreeRTOS/Source/tasks.c.obj
 .text.xTaskCreateStatic
                0x080058bc       0x7a CMakeFiles/bubing_RM2025.elf.dir/Middlewares/Third_Party/FreeRTOS/Source/tasks.c.obj
                0x080058bc                xTaskCreateStatic
 .text.xTaskCreate
                0x08005936       0x66 CMakeFiles/bubing_RM2025.elf.dir/Middlewares/Third_Party/FreeRTOS/Source/tasks.c.obj
                0x08005936                xTaskCreate
 .text.vTaskStartScheduler
                0x0800599c       0x84 CMakeFiles/bubing_RM2025.elf.dir/Middlewares/Third_Party/FreeRTOS/Source/tasks.c.obj
                0x0800599c                vTaskStartScheduler
 .text.vTaskSuspendAll
                0x08005a20       0x10 CMakeFiles/bubing_RM2025.elf.dir/Middlewares/Third_Party/FreeRTOS/Source/tasks.c.obj
                0x08005a20                vTaskSuspendAll
 .text.xTaskIncrementTick
                0x08005a30      0x118 CMakeFiles/bubing_RM2025.elf.dir/Middlewares/Third_Party/FreeRTOS/Source/tasks.c.obj
                0x08005a30                xTaskIncrementTick
 .text.xTaskResumeAll
                0x08005b48       0xf8 CMakeFiles/bubing_RM2025.elf.dir/Middlewares/Third_Party/FreeRTOS/Source/tasks.c.obj
                0x08005b48                xTaskResumeAll
 .text.vTaskDelay
                0x08005c40       0x4c CMakeFiles/bubing_RM2025.elf.dir/Middlewares/Third_Party/FreeRTOS/Source/tasks.c.obj
                0x08005c40                vTaskDelay
 .text.vTaskSwitchContext
                0x08005c8c       0xa4 CMakeFiles/bubing_RM2025.elf.dir/Middlewares/Third_Party/FreeRTOS/Source/tasks.c.obj
                0x08005c8c                vTaskSwitchContext
 .text.BMI088_GPIO_init
                0x08005d30        0x2 CMakeFiles/bubing_RM2025.elf.dir/code_mf/Src/BMI088Middleware.c.obj
                0x08005d30                BMI088_GPIO_init
 .text.BMI088_com_init
                0x08005d32        0x2 CMakeFiles/bubing_RM2025.elf.dir/code_mf/Src/BMI088Middleware.c.obj
                0x08005d32                BMI088_com_init
 .text.BMI088_delay_us
                0x08005d34       0x16 CMakeFiles/bubing_RM2025.elf.dir/code_mf/Src/BMI088Middleware.c.obj
                0x08005d34                BMI088_delay_us
 .text.BMI088_delay_ms
                0x08005d4a       0x18 CMakeFiles/bubing_RM2025.elf.dir/code_mf/Src/BMI088Middleware.c.obj
                0x08005d4a                BMI088_delay_ms
 *fill*         0x08005d62        0x2 
 .text.BMI088_ACCEL_NS_L
                0x08005d64       0x14 CMakeFiles/bubing_RM2025.elf.dir/code_mf/Src/BMI088Middleware.c.obj
                0x08005d64                BMI088_ACCEL_NS_L
 .text.BMI088_ACCEL_NS_H
                0x08005d78       0x14 CMakeFiles/bubing_RM2025.elf.dir/code_mf/Src/BMI088Middleware.c.obj
                0x08005d78                BMI088_ACCEL_NS_H
 .text.BMI088_GYRO_NS_L
                0x08005d8c       0x14 CMakeFiles/bubing_RM2025.elf.dir/code_mf/Src/BMI088Middleware.c.obj
                0x08005d8c                BMI088_GYRO_NS_L
 .text.BMI088_GYRO_NS_H
                0x08005da0       0x14 CMakeFiles/bubing_RM2025.elf.dir/code_mf/Src/BMI088Middleware.c.obj
                0x08005da0                BMI088_GYRO_NS_H
 .text.BMI088_read_write_byte
                0x08005db4       0x2c CMakeFiles/bubing_RM2025.elf.dir/code_mf/Src/BMI088Middleware.c.obj
                0x08005db4                BMI088_read_write_byte
 .text.BMI088_write_single_reg
                0x08005de0       0x10 CMakeFiles/bubing_RM2025.elf.dir/code_mf/Src/BMI088driver.c.obj
 .text.BMI088_read_single_reg
                0x08005df0       0x16 CMakeFiles/bubing_RM2025.elf.dir/code_mf/Src/BMI088driver.c.obj
 .text.BMI088_read_muli_reg
                0x08005e06       0x24 CMakeFiles/bubing_RM2025.elf.dir/code_mf/Src/BMI088driver.c.obj
 *fill*         0x08005e2a        0x2 
 .text.bmi088_accel_init
                0x08005e2c      0x10c CMakeFiles/bubing_RM2025.elf.dir/code_mf/Src/BMI088driver.c.obj
                0x08005e2c                bmi088_accel_init
 .text.bmi088_gyro_init
                0x08005f38       0xf0 CMakeFiles/bubing_RM2025.elf.dir/code_mf/Src/BMI088driver.c.obj
                0x08005f38                bmi088_gyro_init
 .text.BMI088_init
                0x08006028       0x1a CMakeFiles/bubing_RM2025.elf.dir/code_mf/Src/BMI088driver.c.obj
                0x08006028                BMI088_init
 *fill*         0x08006042        0x2 
 .text.BMI088_read
                0x08006044      0x164 CMakeFiles/bubing_RM2025.elf.dir/code_mf/Src/BMI088driver.c.obj
                0x08006044                BMI088_read
 .text.HAL_CAN_RxFifo0MsgPendingCallback
                0x080061a8      0x104 CMakeFiles/bubing_RM2025.elf.dir/code_mf/Src/CAN_receive.c.obj
                0x080061a8                HAL_CAN_RxFifo0MsgPendingCallback
 .text.CAN2_cmd_pitch
                0x080062ac       0x58 CMakeFiles/bubing_RM2025.elf.dir/code_mf/Src/CAN_receive.c.obj
                0x080062ac                CAN2_cmd_pitch
 .text.CAN2_cmd_friction_wheels
                0x08006304       0x54 CMakeFiles/bubing_RM2025.elf.dir/code_mf/Src/CAN_receive.c.obj
                0x08006304                CAN2_cmd_friction_wheels
 .text.CAN1_cmd_chassis
                0x08006358       0x54 CMakeFiles/bubing_RM2025.elf.dir/code_mf/Src/CAN_receive.c.obj
                0x08006358                CAN1_cmd_chassis
 .text.CAN1_cmd_yaw
                0x080063ac       0x54 CMakeFiles/bubing_RM2025.elf.dir/code_mf/Src/CAN_receive.c.obj
                0x080063ac                CAN1_cmd_yaw
 .text.IMU_DATA_GET
                0x08006400       0xfc CMakeFiles/bubing_RM2025.elf.dir/code_mf/Src/IMU_DATA_GET.c.obj
                0x08006400                IMU_DATA_GET
 .text.invSqrt  0x080064fc       0x30 CMakeFiles/bubing_RM2025.elf.dir/code_mf/Src/MahonyAHRS.c.obj
                0x080064fc                invSqrt
 .text.MahonyAHRSupdateIMU
                0x0800652c      0x268 CMakeFiles/bubing_RM2025.elf.dir/code_mf/Src/MahonyAHRS.c.obj
                0x0800652c                MahonyAHRSupdateIMU
 .text.MahonyAHRSupdate
                0x08006794      0x3e4 CMakeFiles/bubing_RM2025.elf.dir/code_mf/Src/MahonyAHRS.c.obj
                0x08006794                MahonyAHRSupdate
 .text.get_angle
                0x08006b78       0xbc CMakeFiles/bubing_RM2025.elf.dir/code_mf/Src/MahonyAHRS.c.obj
                0x08006b78                get_angle
 .text.crc16_Get_CRC16_Check_Sum
                0x08006c34       0x38 CMakeFiles/bubing_RM2025.elf.dir/code_mf/Src/auto_aim.c.obj
                0x08006c34                crc16_Get_CRC16_Check_Sum
 .text.auto_aim_communication_data_parse
                0x08006c6c       0xc8 CMakeFiles/bubing_RM2025.elf.dir/code_mf/Src/auto_aim.c.obj
                0x08006c6c                auto_aim_communication_data_parse
 .text.sent_data_update
                0x08006d34       0xb4 CMakeFiles/bubing_RM2025.elf.dir/code_mf/Src/auto_aim.c.obj
                0x08006d34                sent_data_update
 .text.board_LED
                0x08006de8       0x40 CMakeFiles/bubing_RM2025.elf.dir/code_mf/Src/board_LED.c.obj
                0x08006de8                board_LED
 .text.can_filter_init
                0x08006e28       0x5c CMakeFiles/bubing_RM2025.elf.dir/code_mf/Src/bsp_can.c.obj
                0x08006e28                can_filter_init
 .text.RC_init  0x08006e84       0x68 CMakeFiles/bubing_RM2025.elf.dir/code_mf/Src/bsp_rc.c.obj
                0x08006e84                RC_init
 .text.can_cmd_all
                0x08006eec       0x46 CMakeFiles/bubing_RM2025.elf.dir/code_mf/Src/can_sent.c.obj
                0x08006eec                can_cmd_all
 *fill*         0x08006f32        0x2 
 .text.can_sent
                0x08006f34       0xf0 CMakeFiles/bubing_RM2025.elf.dir/code_mf/Src/can_sent.c.obj
                0x08006f34                can_sent
 .text.rc_to_gimbal_speed_compute
                0x08007024      0x188 CMakeFiles/bubing_RM2025.elf.dir/code_mf/Src/chassis_motor_control.c.obj
                0x08007024                rc_to_gimbal_speed_compute
 .text.yaw_ecd_angle_to_radian
                0x080071ac       0x44 CMakeFiles/bubing_RM2025.elf.dir/code_mf/Src/chassis_motor_control.c.obj
                0x080071ac                yaw_ecd_angle_to_radian
 .text.gimbal_to_chassis_speed_compute
                0x080071f0       0x8c CMakeFiles/bubing_RM2025.elf.dir/code_mf/Src/chassis_motor_control.c.obj
                0x080071f0                gimbal_to_chassis_speed_compute
 .text.chassis_3508_id1_speed_pid_init
                0x0800727c       0x28 CMakeFiles/bubing_RM2025.elf.dir/code_mf/Src/chassis_motor_control.c.obj
                0x0800727c                chassis_3508_id1_speed_pid_init
 .text.chassis_3508_id1_speed_pid_loop
                0x080072a4       0x38 CMakeFiles/bubing_RM2025.elf.dir/code_mf/Src/chassis_motor_control.c.obj
                0x080072a4                chassis_3508_id1_speed_pid_loop
 .text.chassis_3508_id2_speed_pid_init
                0x080072dc       0x28 CMakeFiles/bubing_RM2025.elf.dir/code_mf/Src/chassis_motor_control.c.obj
                0x080072dc                chassis_3508_id2_speed_pid_init
 .text.chassis_3508_id2_speed_pid_loop
                0x08007304       0x38 CMakeFiles/bubing_RM2025.elf.dir/code_mf/Src/chassis_motor_control.c.obj
                0x08007304                chassis_3508_id2_speed_pid_loop
 .text.chassis_3508_id3_speed_pid_init
                0x0800733c       0x28 CMakeFiles/bubing_RM2025.elf.dir/code_mf/Src/chassis_motor_control.c.obj
                0x0800733c                chassis_3508_id3_speed_pid_init
 .text.chassis_3508_id3_speed_pid_loop
                0x08007364       0x38 CMakeFiles/bubing_RM2025.elf.dir/code_mf/Src/chassis_motor_control.c.obj
                0x08007364                chassis_3508_id3_speed_pid_loop
 .text.chassis_3508_id4_speed_pid_init
                0x0800739c       0x28 CMakeFiles/bubing_RM2025.elf.dir/code_mf/Src/chassis_motor_control.c.obj
                0x0800739c                chassis_3508_id4_speed_pid_init
 .text.chassis_3508_id4_speed_pid_loop
                0x080073c4       0x38 CMakeFiles/bubing_RM2025.elf.dir/code_mf/Src/chassis_motor_control.c.obj
                0x080073c4                chassis_3508_id4_speed_pid_loop
 .text.motor_chassis_pid_compute
                0x080073fc       0x5c CMakeFiles/bubing_RM2025.elf.dir/code_mf/Src/chassis_motor_control.c.obj
                0x080073fc                motor_chassis_pid_compute
 .text.chassis_follow_gimbal_angle_pid_init
                0x08007458       0x28 CMakeFiles/bubing_RM2025.elf.dir/code_mf/Src/chassis_motor_control.c.obj
                0x08007458                chassis_follow_gimbal_angle_pid_init
 .text.chassis_follow_gimbal_pid_loop
                0x08007480       0x28 CMakeFiles/bubing_RM2025.elf.dir/code_mf/Src/chassis_motor_control.c.obj
                0x08007480                chassis_follow_gimbal_pid_loop
 .text.chassis_settlement
                0x080074a8      0x21c CMakeFiles/bubing_RM2025.elf.dir/code_mf/Src/chassis_motor_control.c.obj
                0x080074a8                chassis_settlement
 .text.chassis_motor_control
                0x080076c4       0x1e CMakeFiles/bubing_RM2025.elf.dir/code_mf/Src/chassis_motor_control.c.obj
                0x080076c4                chassis_motor_control
 *fill*         0x080076e2        0x2 
 .text.rc_connection_status
                0x080076e4       0x2c CMakeFiles/bubing_RM2025.elf.dir/code_mf/Src/error_detection.c.obj
                0x080076e4                rc_connection_status
 .text.yaw_6020_status
                0x08007710       0x24 CMakeFiles/bubing_RM2025.elf.dir/code_mf/Src/error_detection.c.obj
                0x08007710                yaw_6020_status
 .text.pitch_6020_status
                0x08007734       0x24 CMakeFiles/bubing_RM2025.elf.dir/code_mf/Src/error_detection.c.obj
                0x08007734                pitch_6020_status
 .text.error_detection
                0x08007758       0x16 CMakeFiles/bubing_RM2025.elf.dir/code_mf/Src/error_detection.c.obj
                0x08007758                error_detection
 *fill*         0x0800776e        0x2 
 .text.get_rc   0x08007770      0x228 CMakeFiles/bubing_RM2025.elf.dir/code_mf/Src/get_rc.c.obj
                0x08007770                get_rc
 .text.rc_yaw_input_normalization
                0x08007998       0x7c CMakeFiles/bubing_RM2025.elf.dir/code_mf/Src/gimbal_motor_control.c.obj
                0x08007998                rc_yaw_input_normalization
 .text.motor_gimbal_angle_compute
                0x08007a14       0xc4 CMakeFiles/bubing_RM2025.elf.dir/code_mf/Src/gimbal_motor_control.c.obj
                0x08007a14                motor_gimbal_angle_compute
 .text.pid_preprocess
                0x08007ad8       0x6c CMakeFiles/bubing_RM2025.elf.dir/code_mf/Src/gimbal_motor_control.c.obj
                0x08007ad8                pid_preprocess
 .text.friction_wheel_speed_control
                0x08007b44       0x34 CMakeFiles/bubing_RM2025.elf.dir/code_mf/Src/gimbal_motor_control.c.obj
                0x08007b44                friction_wheel_speed_control
 .text.yaw_angle_pid_init
                0x08007b78       0x24 CMakeFiles/bubing_RM2025.elf.dir/code_mf/Src/gimbal_motor_control.c.obj
                0x08007b78                yaw_angle_pid_init
 .text.yaw_angle_pid_loop
                0x08007b9c       0x24 CMakeFiles/bubing_RM2025.elf.dir/code_mf/Src/gimbal_motor_control.c.obj
                0x08007b9c                yaw_angle_pid_loop
 .text.yaw_speed_pid_init
                0x08007bc0       0x28 CMakeFiles/bubing_RM2025.elf.dir/code_mf/Src/gimbal_motor_control.c.obj
                0x08007bc0                yaw_speed_pid_init
 .text.yaw_speed_pid_loop
                0x08007be8       0x34 CMakeFiles/bubing_RM2025.elf.dir/code_mf/Src/gimbal_motor_control.c.obj
                0x08007be8                yaw_speed_pid_loop
 .text.pitch_speed_from_bmi88_pid_init
                0x08007c1c       0x28 CMakeFiles/bubing_RM2025.elf.dir/code_mf/Src/gimbal_motor_control.c.obj
                0x08007c1c                pitch_speed_from_bmi88_pid_init
 .text.pitch_speed_from_bmi088_pid_loop
                0x08007c44       0x34 CMakeFiles/bubing_RM2025.elf.dir/code_mf/Src/gimbal_motor_control.c.obj
                0x08007c44                pitch_speed_from_bmi088_pid_loop
 .text.pitch_angle_pid_init
                0x08007c78       0x24 CMakeFiles/bubing_RM2025.elf.dir/code_mf/Src/gimbal_motor_control.c.obj
                0x08007c78                pitch_angle_pid_init
 .text.pitch_angle_from_bmi088_pid_loop
                0x08007c9c       0x24 CMakeFiles/bubing_RM2025.elf.dir/code_mf/Src/gimbal_motor_control.c.obj
                0x08007c9c                pitch_angle_from_bmi088_pid_loop
 .text.motor_gimbal_pid_compute
                0x08007cc0       0x60 CMakeFiles/bubing_RM2025.elf.dir/code_mf/Src/gimbal_motor_control.c.obj
                0x08007cc0                motor_gimbal_pid_compute
 .text.friction_wheel_3510_id1_speed_pid_init
                0x08007d20       0x28 CMakeFiles/bubing_RM2025.elf.dir/code_mf/Src/gimbal_motor_control.c.obj
                0x08007d20                friction_wheel_3510_id1_speed_pid_init
 .text.friction_wheel_3510_id1_speed_pid_loop
                0x08007d48       0x38 CMakeFiles/bubing_RM2025.elf.dir/code_mf/Src/gimbal_motor_control.c.obj
                0x08007d48                friction_wheel_3510_id1_speed_pid_loop
 .text.friction_wheel_3510_id2_speed_pid_init
                0x08007d80       0x28 CMakeFiles/bubing_RM2025.elf.dir/code_mf/Src/gimbal_motor_control.c.obj
                0x08007d80                friction_wheel_3510_id2_speed_pid_init
 .text.friction_wheel_3510_id2_speed_pid_loop
                0x08007da8       0x38 CMakeFiles/bubing_RM2025.elf.dir/code_mf/Src/gimbal_motor_control.c.obj
                0x08007da8                friction_wheel_3510_id2_speed_pid_loop
 .text.friction_wheel_pid_control
                0x08007de0       0x30 CMakeFiles/bubing_RM2025.elf.dir/code_mf/Src/gimbal_motor_control.c.obj
                0x08007de0                friction_wheel_pid_control
 .text.gimbal_motor_control
                0x08007e10       0x22 CMakeFiles/bubing_RM2025.elf.dir/code_mf/Src/gimbal_motor_control.c.obj
                0x08007e10                gimbal_motor_control
 .text.PID_init
                0x08007e32       0x32 CMakeFiles/bubing_RM2025.elf.dir/code_mf/Src/pid.c.obj
                0x08007e32                PID_init
 .text.PID_calc
                0x08007e64      0x158 CMakeFiles/bubing_RM2025.elf.dir/code_mf/Src/pid.c.obj
                0x08007e64                PID_calc
 .text.max_power_compute
                0x08007fbc       0x94 CMakeFiles/bubing_RM2025.elf.dir/code_mf/Src/refree_task.c.obj
                0x08007fbc                max_power_compute
 .text.refree_task
                0x08008050       0x78 CMakeFiles/bubing_RM2025.elf.dir/code_mf/Src/refree_task.c.obj
                0x08008050                refree_task
 .text.sbus_to_rc
                0x080080c8       0xde CMakeFiles/bubing_RM2025.elf.dir/code_mf/Src/remote_control.c.obj
 *fill*         0x080081a6        0x2 
 .text.remote_control_init
                0x080081a8       0x14 CMakeFiles/bubing_RM2025.elf.dir/code_mf/Src/remote_control.c.obj
                0x080081a8                remote_control_init
 .text.get_remote_control_point
                0x080081bc        0x8 CMakeFiles/bubing_RM2025.elf.dir/code_mf/Src/remote_control.c.obj
                0x080081bc                get_remote_control_point
 .text.USART3_IRQHandler
                0x080081c4       0xf0 CMakeFiles/bubing_RM2025.elf.dir/code_mf/Src/remote_control.c.obj
                0x080081c4                USART3_IRQHandler
 .text.servo_task
                0x080082b4       0xc4 CMakeFiles/bubing_RM2025.elf.dir/code_mf/Src/servo_task.c.obj
                0x080082b4                servo_task
 .text.shoot_speed_compute
                0x08008378       0x64 CMakeFiles/bubing_RM2025.elf.dir/code_mf/Src/shoot_control.c.obj
                0x08008378                shoot_speed_compute
 .text.shoot_stop_check
                0x080083dc       0x58 CMakeFiles/bubing_RM2025.elf.dir/code_mf/Src/shoot_control.c.obj
                0x080083dc                shoot_stop_check
 .text.shoot_control
                0x08008434       0x12 CMakeFiles/bubing_RM2025.elf.dir/code_mf/Src/shoot_control.c.obj
                0x08008434                shoot_control
 *fill*         0x08008446        0x2 
 .text.shoot_2006_id3_speed_pid_init
                0x08008448       0x28 CMakeFiles/bubing_RM2025.elf.dir/code_mf/Src/shoot_control.c.obj
                0x08008448                shoot_2006_id3_speed_pid_init
 .text.shoot_2006_id3_speed_pid_loop
                0x08008470       0x34 CMakeFiles/bubing_RM2025.elf.dir/code_mf/Src/shoot_control.c.obj
                0x08008470                shoot_2006_id3_speed_pid_loop
 .text.shoot_pid_control
                0x080084a4       0x1c CMakeFiles/bubing_RM2025.elf.dir/code_mf/Src/shoot_control.c.obj
                0x080084a4                shoot_pid_control
 .text.HAL_UART_RxCpltCallback
                0x080084c0       0x34 CMakeFiles/bubing_RM2025.elf.dir/code_mf/Src/uart_callback.c.obj
                0x080084c0                HAL_UART_RxCpltCallback
 .text.usart6_printf
                0x080084f4       0x40 CMakeFiles/bubing_RM2025.elf.dir/code_mf/Src/uart_printf.c.obj
                0x080084f4                usart6_printf
 .text.uart_sent_debug
                0x08008534       0x30 CMakeFiles/bubing_RM2025.elf.dir/code_mf/Src/uart_sent.c.obj
                0x08008534                uart_sent_debug
 .text.aim_uart_sent
                0x08008564       0x14 CMakeFiles/bubing_RM2025.elf.dir/code_mf/Src/uart_sent.c.obj
                0x08008564                aim_uart_sent
 .text.__udivmoddi4
                0x08008578      0x2bc C:/CLionToolchains/gcc-arm-none-eabi-10.3-2021.10/bin/../lib/gcc/arm-none-eabi/13.3.1/thumb/v7e-m+fp/hard\libgcc.a(_udivmoddi4.o)
                0x08008578                __udivmoddi4
 .text.stdio_exit_handler
                0x08008834       0x18 C:/CLionToolchains/gcc-arm-none-eabi-10.3-2021.10/bin/../lib/gcc/arm-none-eabi/13.3.1/thumb/v7e-m+fp/hard\libg.a(libc_a-findfp.o)
 .text.cleanup_stdio
                0x0800884c       0x40 C:/CLionToolchains/gcc-arm-none-eabi-10.3-2021.10/bin/../lib/gcc/arm-none-eabi/13.3.1/thumb/v7e-m+fp/hard\libg.a(libc_a-findfp.o)
 .text.global_stdio_init.part.0
                0x0800888c       0xf0 C:/CLionToolchains/gcc-arm-none-eabi-10.3-2021.10/bin/../lib/gcc/arm-none-eabi/13.3.1/thumb/v7e-m+fp/hard\libg.a(libc_a-findfp.o)
 .text.__sinit  0x0800897c       0x3c C:/CLionToolchains/gcc-arm-none-eabi-10.3-2021.10/bin/../lib/gcc/arm-none-eabi/13.3.1/thumb/v7e-m+fp/hard\libg.a(libc_a-findfp.o)
                0x0800897c                __sinit
 .text.__sfp_lock_acquire
                0x080089b8        0xc C:/CLionToolchains/gcc-arm-none-eabi-10.3-2021.10/bin/../lib/gcc/arm-none-eabi/13.3.1/thumb/v7e-m+fp/hard\libg.a(libc_a-findfp.o)
                0x080089b8                __sfp_lock_acquire
 .text.__sfp_lock_release
                0x080089c4        0xc C:/CLionToolchains/gcc-arm-none-eabi-10.3-2021.10/bin/../lib/gcc/arm-none-eabi/13.3.1/thumb/v7e-m+fp/hard\libg.a(libc_a-findfp.o)
                0x080089c4                __sfp_lock_release
 .text._fwalk_sglue
                0x080089d0       0x44 C:/CLionToolchains/gcc-arm-none-eabi-10.3-2021.10/bin/../lib/gcc/arm-none-eabi/13.3.1/thumb/v7e-m+fp/hard\libg.a(libc_a-fwalk.o)
                0x080089d0                _fwalk_sglue
 .text.__sread  0x08008a14       0x24 C:/CLionToolchains/gcc-arm-none-eabi-10.3-2021.10/bin/../lib/gcc/arm-none-eabi/13.3.1/thumb/v7e-m+fp/hard\libg.a(libc_a-stdio.o)
                0x08008a14                __sread
 .text.__swrite
                0x08008a38       0x40 C:/CLionToolchains/gcc-arm-none-eabi-10.3-2021.10/bin/../lib/gcc/arm-none-eabi/13.3.1/thumb/v7e-m+fp/hard\libg.a(libc_a-stdio.o)
                0x08008a38                __swrite
 .text.__sseek  0x08008a78       0x24 C:/CLionToolchains/gcc-arm-none-eabi-10.3-2021.10/bin/../lib/gcc/arm-none-eabi/13.3.1/thumb/v7e-m+fp/hard\libg.a(libc_a-stdio.o)
                0x08008a78                __sseek
 .text.__sclose
                0x08008a9c        0x8 C:/CLionToolchains/gcc-arm-none-eabi-10.3-2021.10/bin/../lib/gcc/arm-none-eabi/13.3.1/thumb/v7e-m+fp/hard\libg.a(libc_a-stdio.o)
                0x08008a9c                __sclose
 .text.vsprintf
                0x08008aa4       0x38 C:/CLionToolchains/gcc-arm-none-eabi-10.3-2021.10/bin/../lib/gcc/arm-none-eabi/13.3.1/thumb/v7e-m+fp/hard\libg.a(libc_a-vsprintf.o)
                0x08008aa4                vsprintf
 .text.memset   0x08008adc       0xa4 C:/CLionToolchains/gcc-arm-none-eabi-10.3-2021.10/bin/../lib/gcc/arm-none-eabi/13.3.1/thumb/v7e-m+fp/hard\libg.a(libc_a-memset.o)
                0x08008adc                memset
 .text._close_r
                0x08008b80       0x24 C:/CLionToolchains/gcc-arm-none-eabi-10.3-2021.10/bin/../lib/gcc/arm-none-eabi/13.3.1/thumb/v7e-m+fp/hard\libg.a(libc_a-closer.o)
                0x08008b80                _close_r
 .text._reclaim_reent
                0x08008ba4       0x6c C:/CLionToolchains/gcc-arm-none-eabi-10.3-2021.10/bin/../lib/gcc/arm-none-eabi/13.3.1/thumb/v7e-m+fp/hard\libg.a(libc_a-reent.o)
                0x08008ba4                _reclaim_reent
 .text._lseek_r
                0x08008c10       0x2c C:/CLionToolchains/gcc-arm-none-eabi-10.3-2021.10/bin/../lib/gcc/arm-none-eabi/13.3.1/thumb/v7e-m+fp/hard\libg.a(libc_a-lseekr.o)
                0x08008c10                _lseek_r
 .text._read_r  0x08008c3c       0x2c C:/CLionToolchains/gcc-arm-none-eabi-10.3-2021.10/bin/../lib/gcc/arm-none-eabi/13.3.1/thumb/v7e-m+fp/hard\libg.a(libc_a-readr.o)
                0x08008c3c                _read_r
 .text._write_r
                0x08008c68       0x2c C:/CLionToolchains/gcc-arm-none-eabi-10.3-2021.10/bin/../lib/gcc/arm-none-eabi/13.3.1/thumb/v7e-m+fp/hard\libg.a(libc_a-writer.o)
                0x08008c68                _write_r
 .text.__errno  0x08008c94        0xc C:/CLionToolchains/gcc-arm-none-eabi-10.3-2021.10/bin/../lib/gcc/arm-none-eabi/13.3.1/thumb/v7e-m+fp/hard\libg.a(libc_a-errno.o)
                0x08008c94                __errno
 .text.__libc_init_array
                0x08008ca0       0x50 C:/CLionToolchains/gcc-arm-none-eabi-10.3-2021.10/bin/../lib/gcc/arm-none-eabi/13.3.1/thumb/v7e-m+fp/hard\libg.a(libc_a-init.o)
                0x08008ca0                __libc_init_array
 .text.__retarget_lock_init_recursive
                0x08008cf0        0x4 C:/CLionToolchains/gcc-arm-none-eabi-10.3-2021.10/bin/../lib/gcc/arm-none-eabi/13.3.1/thumb/v7e-m+fp/hard\libg.a(libc_a-lock.o)
                0x08008cf0                __retarget_lock_init_recursive
 .text.__retarget_lock_close_recursive
                0x08008cf4        0x4 C:/CLionToolchains/gcc-arm-none-eabi-10.3-2021.10/bin/../lib/gcc/arm-none-eabi/13.3.1/thumb/v7e-m+fp/hard\libg.a(libc_a-lock.o)
                0x08008cf4                __retarget_lock_close_recursive
 .text.__retarget_lock_acquire_recursive
                0x08008cf8        0x4 C:/CLionToolchains/gcc-arm-none-eabi-10.3-2021.10/bin/../lib/gcc/arm-none-eabi/13.3.1/thumb/v7e-m+fp/hard\libg.a(libc_a-lock.o)
                0x08008cf8                __retarget_lock_acquire_recursive
 .text.__retarget_lock_release_recursive
                0x08008cfc        0x4 C:/CLionToolchains/gcc-arm-none-eabi-10.3-2021.10/bin/../lib/gcc/arm-none-eabi/13.3.1/thumb/v7e-m+fp/hard\libg.a(libc_a-lock.o)
                0x08008cfc                __retarget_lock_release_recursive
 .text.startup.register_fini
                0x08008d00       0x14 C:/CLionToolchains/gcc-arm-none-eabi-10.3-2021.10/bin/../lib/gcc/arm-none-eabi/13.3.1/thumb/v7e-m+fp/hard\libg.a(libc_a-__call_atexit.o)
 .text.atexit   0x08008d14        0xc C:/CLionToolchains/gcc-arm-none-eabi-10.3-2021.10/bin/../lib/gcc/arm-none-eabi/13.3.1/thumb/v7e-m+fp/hard\libg.a(libc_a-atexit.o)
                0x08008d14                atexit
 .text._malloc_trim_r
                0x08008d20       0xb8 C:/CLionToolchains/gcc-arm-none-eabi-10.3-2021.10/bin/../lib/gcc/arm-none-eabi/13.3.1/thumb/v7e-m+fp/hard\libg.a(libc_a-freer.o)
                0x08008d20                _malloc_trim_r
 .text._free_r  0x08008dd8      0x1f8 C:/CLionToolchains/gcc-arm-none-eabi-10.3-2021.10/bin/../lib/gcc/arm-none-eabi/13.3.1/thumb/v7e-m+fp/hard\libg.a(libc_a-freer.o)
                0x08008dd8                _free_r
 .text._malloc_r
                0x08008fd0      0x564 C:/CLionToolchains/gcc-arm-none-eabi-10.3-2021.10/bin/../lib/gcc/arm-none-eabi/13.3.1/thumb/v7e-m+fp/hard\libg.a(libc_a-mallocr.o)
                0x08008fd0                _malloc_r
 .text.__malloc_lock
                0x08009534        0xc C:/CLionToolchains/gcc-arm-none-eabi-10.3-2021.10/bin/../lib/gcc/arm-none-eabi/13.3.1/thumb/v7e-m+fp/hard\libg.a(libc_a-mlock.o)
                0x08009534                __malloc_lock
 .text.__malloc_unlock
                0x08009540        0xc C:/CLionToolchains/gcc-arm-none-eabi-10.3-2021.10/bin/../lib/gcc/arm-none-eabi/13.3.1/thumb/v7e-m+fp/hard\libg.a(libc_a-mlock.o)
                0x08009540                __malloc_unlock
 *fill*         0x0800954c        0x4 
 .text._svfprintf_r
                0x08009550     0x1b3c C:/CLionToolchains/gcc-arm-none-eabi-10.3-2021.10/bin/../lib/gcc/arm-none-eabi/13.3.1/thumb/v7e-m+fp/hard\libg.a(libc_a-svfprintf.o)
                0x08009550                _svfprintf_r
 .text.__ssprint_r
                0x0800b08c       0x58 C:/CLionToolchains/gcc-arm-none-eabi-10.3-2021.10/bin/../lib/gcc/arm-none-eabi/13.3.1/thumb/v7e-m+fp/hard\libg.a(libc_a-ssprint_r.o)
                0x0800b08c                __ssprint_r
 .text._fclose_r
                0x0800b0e4       0xc0 C:/CLionToolchains/gcc-arm-none-eabi-10.3-2021.10/bin/../lib/gcc/arm-none-eabi/13.3.1/thumb/v7e-m+fp/hard\libg.a(libc_a-fclose.o)
                0x0800b0e4                _fclose_r
 .text.__sflush_r
                0x0800b1a4      0x138 C:/CLionToolchains/gcc-arm-none-eabi-10.3-2021.10/bin/../lib/gcc/arm-none-eabi/13.3.1/thumb/v7e-m+fp/hard\libg.a(libc_a-fflush.o)
                0x0800b1a4                __sflush_r
 .text._fflush_r
                0x0800b2dc       0x54 C:/CLionToolchains/gcc-arm-none-eabi-10.3-2021.10/bin/../lib/gcc/arm-none-eabi/13.3.1/thumb/v7e-m+fp/hard\libg.a(libc_a-fflush.o)
                0x0800b2dc                _fflush_r
 .text.strncpy  0x0800b330       0x68 C:/CLionToolchains/gcc-arm-none-eabi-10.3-2021.10/bin/../lib/gcc/arm-none-eabi/13.3.1/thumb/v7e-m+fp/hard\libg.a(libc_a-strncpy.o)
                0x0800b330                strncpy
 .text.__locale_mb_cur_max
                0x0800b398        0xc C:/CLionToolchains/gcc-arm-none-eabi-10.3-2021.10/bin/../lib/gcc/arm-none-eabi/13.3.1/thumb/v7e-m+fp/hard\libg.a(libc_a-locale.o)
                0x0800b398                __locale_mb_cur_max
 .text._localeconv_r
                0x0800b3a4        0x8 C:/CLionToolchains/gcc-arm-none-eabi-10.3-2021.10/bin/../lib/gcc/arm-none-eabi/13.3.1/thumb/v7e-m+fp/hard\libg.a(libc_a-localeconv.o)
                0x0800b3a4                _localeconv_r
 .text._sbrk_r  0x0800b3ac       0x24 C:/CLionToolchains/gcc-arm-none-eabi-10.3-2021.10/bin/../lib/gcc/arm-none-eabi/13.3.1/thumb/v7e-m+fp/hard\libg.a(libc_a-sbrkr.o)
                0x0800b3ac                _sbrk_r
 .text.__libc_fini_array
                0x0800b3d0       0x28 C:/CLionToolchains/gcc-arm-none-eabi-10.3-2021.10/bin/../lib/gcc/arm-none-eabi/13.3.1/thumb/v7e-m+fp/hard\libg.a(libc_a-fini.o)
                0x0800b3d0                __libc_fini_array
 .text.sysconf  0x0800b3f8       0x1c C:/CLionToolchains/gcc-arm-none-eabi-10.3-2021.10/bin/../lib/gcc/arm-none-eabi/13.3.1/thumb/v7e-m+fp/hard\libg.a(libc_a-sysconf.o)
                0x0800b3f8                sysconf
 .text.frexp    0x0800b414       0x64 C:/CLionToolchains/gcc-arm-none-eabi-10.3-2021.10/bin/../lib/gcc/arm-none-eabi/13.3.1/thumb/v7e-m+fp/hard\libg.a(libm_a-s_frexp.o)
                0x0800b414                frexp
 .text.__register_exitproc
                0x0800b478       0x80 C:/CLionToolchains/gcc-arm-none-eabi-10.3-2021.10/bin/../lib/gcc/arm-none-eabi/13.3.1/thumb/v7e-m+fp/hard\libg.a(libc_a-__atexit.o)
                0x0800b478                __register_exitproc
 .text.quorem   0x0800b4f8      0x12c C:/CLionToolchains/gcc-arm-none-eabi-10.3-2021.10/bin/../lib/gcc/arm-none-eabi/13.3.1/thumb/v7e-m+fp/hard\libg.a(libc_a-dtoa.o)
 *fill*         0x0800b624        0x4 
 .text._dtoa_r  0x0800b628      0xe80 C:/CLionToolchains/gcc-arm-none-eabi-10.3-2021.10/bin/../lib/gcc/arm-none-eabi/13.3.1/thumb/v7e-m+fp/hard\libg.a(libc_a-dtoa.o)
                0x0800b628                _dtoa_r
 .text.__ascii_mbtowc
                0x0800c4a8       0x2c C:/CLionToolchains/gcc-arm-none-eabi-10.3-2021.10/bin/../lib/gcc/arm-none-eabi/13.3.1/thumb/v7e-m+fp/hard\libg.a(libc_a-mbtowc_r.o)
                0x0800c4a8                __ascii_mbtowc
 .text._Balloc  0x0800c4d4       0x4c C:/CLionToolchains/gcc-arm-none-eabi-10.3-2021.10/bin/../lib/gcc/arm-none-eabi/13.3.1/thumb/v7e-m+fp/hard\libg.a(libc_a-mprec.o)
                0x0800c4d4                _Balloc
 .text._Bfree   0x0800c520       0x14 C:/CLionToolchains/gcc-arm-none-eabi-10.3-2021.10/bin/../lib/gcc/arm-none-eabi/13.3.1/thumb/v7e-m+fp/hard\libg.a(libc_a-mprec.o)
                0x0800c520                _Bfree
 .text.__multadd
                0x0800c534       0xa0 C:/CLionToolchains/gcc-arm-none-eabi-10.3-2021.10/bin/../lib/gcc/arm-none-eabi/13.3.1/thumb/v7e-m+fp/hard\libg.a(libc_a-mprec.o)
                0x0800c534                __multadd
 .text.__hi0bits
                0x0800c5d4       0x44 C:/CLionToolchains/gcc-arm-none-eabi-10.3-2021.10/bin/../lib/gcc/arm-none-eabi/13.3.1/thumb/v7e-m+fp/hard\libg.a(libc_a-mprec.o)
                0x0800c5d4                __hi0bits
 .text.__lo0bits
                0x0800c618       0x60 C:/CLionToolchains/gcc-arm-none-eabi-10.3-2021.10/bin/../lib/gcc/arm-none-eabi/13.3.1/thumb/v7e-m+fp/hard\libg.a(libc_a-mprec.o)
                0x0800c618                __lo0bits
 .text.__i2b    0x0800c678       0x5c C:/CLionToolchains/gcc-arm-none-eabi-10.3-2021.10/bin/../lib/gcc/arm-none-eabi/13.3.1/thumb/v7e-m+fp/hard\libg.a(libc_a-mprec.o)
                0x0800c678                __i2b
 .text.__multiply
                0x0800c6d4      0x16c C:/CLionToolchains/gcc-arm-none-eabi-10.3-2021.10/bin/../lib/gcc/arm-none-eabi/13.3.1/thumb/v7e-m+fp/hard\libg.a(libc_a-mprec.o)
                0x0800c6d4                __multiply
 .text.__pow5mult
                0x0800c840       0xb4 C:/CLionToolchains/gcc-arm-none-eabi-10.3-2021.10/bin/../lib/gcc/arm-none-eabi/13.3.1/thumb/v7e-m+fp/hard\libg.a(libc_a-mprec.o)
                0x0800c840                __pow5mult
 .text.__lshift
                0x0800c8f4       0xf0 C:/CLionToolchains/gcc-arm-none-eabi-10.3-2021.10/bin/../lib/gcc/arm-none-eabi/13.3.1/thumb/v7e-m+fp/hard\libg.a(libc_a-mprec.o)
                0x0800c8f4                __lshift
 .text.__mcmp   0x0800c9e4       0x44 C:/CLionToolchains/gcc-arm-none-eabi-10.3-2021.10/bin/../lib/gcc/arm-none-eabi/13.3.1/thumb/v7e-m+fp/hard\libg.a(libc_a-mprec.o)
                0x0800c9e4                __mcmp
 .text.__mdiff  0x0800ca28      0x178 C:/CLionToolchains/gcc-arm-none-eabi-10.3-2021.10/bin/../lib/gcc/arm-none-eabi/13.3.1/thumb/v7e-m+fp/hard\libg.a(libc_a-mprec.o)
                0x0800ca28                __mdiff
 .text.__d2b    0x0800cba0       0xc0 C:/CLionToolchains/gcc-arm-none-eabi-10.3-2021.10/bin/../lib/gcc/arm-none-eabi/13.3.1/thumb/v7e-m+fp/hard\libg.a(libc_a-mprec.o)
                0x0800cba0                __d2b
 .text.__ascii_wctomb
                0x0800cc60       0x1c C:/CLionToolchains/gcc-arm-none-eabi-10.3-2021.10/bin/../lib/gcc/arm-none-eabi/13.3.1/thumb/v7e-m+fp/hard\libg.a(libc_a-wctomb_r.o)
                0x0800cc60                __ascii_wctomb
 .text._wcrtomb_r
                0x0800cc7c       0x4c C:/CLionToolchains/gcc-arm-none-eabi-10.3-2021.10/bin/../lib/gcc/arm-none-eabi/13.3.1/thumb/v7e-m+fp/hard\libg.a(libc_a-wcrtomb.o)
                0x0800cc7c                _wcrtomb_r
 .text._wcsrtombs_r
                0x0800ccc8       0x18 C:/CLionToolchains/gcc-arm-none-eabi-10.3-2021.10/bin/../lib/gcc/arm-none-eabi/13.3.1/thumb/v7e-m+fp/hard\libg.a(libc_a-wcsrtombs.o)
                0x0800ccc8                _wcsrtombs_r
 .text.__ssputs_r
                0x0800cce0       0xc0 C:/CLionToolchains/gcc-arm-none-eabi-10.3-2021.10/bin/../lib/gcc/arm-none-eabi/13.3.1/thumb/v7e-m+fp/hard\libg.a(libc_a-ssputs_r.o)
                0x0800cce0                __ssputs_r
 .text.memmove  0x0800cda0      0x100 C:/CLionToolchains/gcc-arm-none-eabi-10.3-2021.10/bin/../lib/gcc/arm-none-eabi/13.3.1/thumb/v7e-m+fp/hard\libg.a(libc_a-memmove.o)
                0x0800cda0                memmove
 .text.__assert_func
                0x0800cea0       0x40 C:/CLionToolchains/gcc-arm-none-eabi-10.3-2021.10/bin/../lib/gcc/arm-none-eabi/13.3.1/thumb/v7e-m+fp/hard\libg.a(libc_a-assert.o)
                0x0800cea0                __assert_func
 .text._calloc_r
                0x0800cee0       0x6c C:/CLionToolchains/gcc-arm-none-eabi-10.3-2021.10/bin/../lib/gcc/arm-none-eabi/13.3.1/thumb/v7e-m+fp/hard\libg.a(libc_a-callocr.o)
                0x0800cee0                _calloc_r
 .text._realloc_r
                0x0800cf4c      0x344 C:/CLionToolchains/gcc-arm-none-eabi-10.3-2021.10/bin/../lib/gcc/arm-none-eabi/13.3.1/thumb/v7e-m+fp/hard\libg.a(libc_a-reallocr.o)
                0x0800cf4c                _realloc_r
 .text._wcsnrtombs_l
                0x0800d290       0xfc C:/CLionToolchains/gcc-arm-none-eabi-10.3-2021.10/bin/../lib/gcc/arm-none-eabi/13.3.1/thumb/v7e-m+fp/hard\libg.a(libc_a-wcsnrtombs.o)
                0x0800d290                _wcsnrtombs_l
 .text._wcsnrtombs_r
                0x0800d38c       0x24 C:/CLionToolchains/gcc-arm-none-eabi-10.3-2021.10/bin/../lib/gcc/arm-none-eabi/13.3.1/thumb/v7e-m+fp/hard\libg.a(libc_a-wcsnrtombs.o)
                0x0800d38c                _wcsnrtombs_r
 .text.fiprintf
                0x0800d3b0       0x28 C:/CLionToolchains/gcc-arm-none-eabi-10.3-2021.10/bin/../lib/gcc/arm-none-eabi/13.3.1/thumb/v7e-m+fp/hard\libg.a(libc_a-fiprintf.o)
                0x0800d3b0                fiprintf
 .text._vfiprintf_r
                0x0800d3d8      0xe68 C:/CLionToolchains/gcc-arm-none-eabi-10.3-2021.10/bin/../lib/gcc/arm-none-eabi/13.3.1/thumb/v7e-m+fp/hard\libg.a(libc_a-vfiprintf.o)
                0x0800d3d8                _vfiprintf_r
 .text.__sbprintf
                0x0800e240       0x80 C:/CLionToolchains/gcc-arm-none-eabi-10.3-2021.10/bin/../lib/gcc/arm-none-eabi/13.3.1/thumb/v7e-m+fp/hard\libg.a(libc_a-vfiprintf.o)
 .text.__sprint_r
                0x0800e2c0       0x20 C:/CLionToolchains/gcc-arm-none-eabi-10.3-2021.10/bin/../lib/gcc/arm-none-eabi/13.3.1/thumb/v7e-m+fp/hard\libg.a(libc_a-sprint_r.o)
                0x0800e2c0                __sprint_r
 .text.__sfvwrite_r
                0x0800e2e0      0x300 C:/CLionToolchains/gcc-arm-none-eabi-10.3-2021.10/bin/../lib/gcc/arm-none-eabi/13.3.1/thumb/v7e-m+fp/hard\libg.a(libc_a-fvwrite.o)
                0x0800e2e0                __sfvwrite_r
 .text.__swsetup_r
                0x0800e5e0       0xc4 C:/CLionToolchains/gcc-arm-none-eabi-10.3-2021.10/bin/../lib/gcc/arm-none-eabi/13.3.1/thumb/v7e-m+fp/hard\libg.a(libc_a-wsetup.o)
                0x0800e5e0                __swsetup_r
 .text.abort    0x0800e6a4       0x10 C:/CLionToolchains/gcc-arm-none-eabi-10.3-2021.10/bin/../lib/gcc/arm-none-eabi/13.3.1/thumb/v7e-m+fp/hard\libg.a(libc_a-abort.o)
                0x0800e6a4                abort
 .text.__smakebuf_r
                0x0800e6b4       0xdc C:/CLionToolchains/gcc-arm-none-eabi-10.3-2021.10/bin/../lib/gcc/arm-none-eabi/13.3.1/thumb/v7e-m+fp/hard\libg.a(libc_a-makebuf.o)
                0x0800e6b4                __smakebuf_r
 .text.raise    0x0800e790       0x58 C:/CLionToolchains/gcc-arm-none-eabi-10.3-2021.10/bin/../lib/gcc/arm-none-eabi/13.3.1/thumb/v7e-m+fp/hard\libg.a(libc_a-signal.o)
                0x0800e790                raise
 .text._fstat_r
                0x0800e7e8       0x2c C:/CLionToolchains/gcc-arm-none-eabi-10.3-2021.10/bin/../lib/gcc/arm-none-eabi/13.3.1/thumb/v7e-m+fp/hard\libg.a(libc_a-fstatr.o)
                0x0800e7e8                _fstat_r
 .text._isatty_r
                0x0800e814       0x24 C:/CLionToolchains/gcc-arm-none-eabi-10.3-2021.10/bin/../lib/gcc/arm-none-eabi/13.3.1/thumb/v7e-m+fp/hard\libg.a(libc_a-isattyr.o)
                0x0800e814                _isatty_r
 .text._kill_r  0x0800e838       0x2c C:/CLionToolchains/gcc-arm-none-eabi-10.3-2021.10/bin/../lib/gcc/arm-none-eabi/13.3.1/thumb/v7e-m+fp/hard\libg.a(libc_a-signalr.o)
                0x0800e838                _kill_r
 .text._getpid_r
                0x0800e864        0x4 C:/CLionToolchains/gcc-arm-none-eabi-10.3-2021.10/bin/../lib/gcc/arm-none-eabi/13.3.1/thumb/v7e-m+fp/hard\libg.a(libc_a-signalr.o)
                0x0800e864                _getpid_r
 .text.sqrt     0x0800e868       0x68 C:/CLionToolchains/gcc-arm-none-eabi-10.3-2021.10/bin/../lib/gcc/arm-none-eabi/13.3.1/thumb/v7e-m+fp/hard\libm.a(libm_a-w_sqrt.o)
                0x0800e868                sqrt
 .text.cos      0x0800e8d0       0x88 C:/CLionToolchains/gcc-arm-none-eabi-10.3-2021.10/bin/../lib/gcc/arm-none-eabi/13.3.1/thumb/v7e-m+fp/hard\libm.a(libm_a-s_cos.o)
                0x0800e8d0                cos
 .text.sin      0x0800e958       0x90 C:/CLionToolchains/gcc-arm-none-eabi-10.3-2021.10/bin/../lib/gcc/arm-none-eabi/13.3.1/thumb/v7e-m+fp/hard\libm.a(libm_a-s_sin.o)
                0x0800e958                sin
 .text.asinf    0x0800e9e8       0x58 C:/CLionToolchains/gcc-arm-none-eabi-10.3-2021.10/bin/../lib/gcc/arm-none-eabi/13.3.1/thumb/v7e-m+fp/hard\libm.a(libm_a-wf_asin.o)
                0x0800e9e8                asinf
 .text.atan2f   0x0800ea40        0x4 C:/CLionToolchains/gcc-arm-none-eabi-10.3-2021.10/bin/../lib/gcc/arm-none-eabi/13.3.1/thumb/v7e-m+fp/hard\libm.a(libm_a-wf_atan2.o)
                0x0800ea40                atan2f
 .text.fabsf    0x0800ea44       0x10 C:/CLionToolchains/gcc-arm-none-eabi-10.3-2021.10/bin/../lib/gcc/arm-none-eabi/13.3.1/thumb/v7e-m+fp/hard\libm.a(libm_a-sf_fabs.o)
                0x0800ea44                fabsf
 .text.nanf     0x0800ea54        0xc C:/CLionToolchains/gcc-arm-none-eabi-10.3-2021.10/bin/../lib/gcc/arm-none-eabi/13.3.1/thumb/v7e-m+fp/hard\libm.a(libm_a-sf_nan.o)
                0x0800ea54                nanf
 .text.__ieee754_sqrt
                0x0800ea60      0x1ec C:/CLionToolchains/gcc-arm-none-eabi-10.3-2021.10/bin/../lib/gcc/arm-none-eabi/13.3.1/thumb/v7e-m+fp/hard\libm.a(libm_a-e_sqrt.o)
                0x0800ea60                __ieee754_sqrt
 *fill*         0x0800ec4c        0x4 
 .text.__kernel_cos
                0x0800ec50      0x26c C:/CLionToolchains/gcc-arm-none-eabi-10.3-2021.10/bin/../lib/gcc/arm-none-eabi/13.3.1/thumb/v7e-m+fp/hard\libm.a(libm_a-k_cos.o)
                0x0800ec50                __kernel_cos
 *fill*         0x0800eebc        0x4 
 .text.__kernel_sin
                0x0800eec0      0x17c C:/CLionToolchains/gcc-arm-none-eabi-10.3-2021.10/bin/../lib/gcc/arm-none-eabi/13.3.1/thumb/v7e-m+fp/hard\libm.a(libm_a-k_sin.o)
                0x0800eec0                __kernel_sin
 *fill*         0x0800f03c        0x4 
 .text.__ieee754_rem_pio2
                0x0800f040      0x424 C:/CLionToolchains/gcc-arm-none-eabi-10.3-2021.10/bin/../lib/gcc/arm-none-eabi/13.3.1/thumb/v7e-m+fp/hard\libm.a(libm_a-e_rem_pio2.o)
                0x0800f040                __ieee754_rem_pio2